发送: 00 00 00 00 00 00 00 00
收到: yaw=0.00 deg, pitch=0.00 deg, distance=0.00 mm, state=NO_TARGET, checksum=OK
发送: 05 03 0b ff 72 02 02 88
收到: yaw=7.73 deg, pitch=-2.45 deg, distance=626.00 mm, state=TRACKING, checksum=OK
发送: 03 04 30 00 54 00 02 8d
收到: yaw=10.27 deg, pitch=0.48 deg, distance=84.00 mm, state=TRACKING, checksum=OK
发送: 00 00 00 00 00 00 00 00
收到: yaw=0.00 deg, pitch=0.00 deg, distance=0.00 mm, state=NO_TARGET, checksum=OK
发送: e6 02 d0 fe 87 02 02 41
收到: yaw=7.42 deg, pitch=-3.04 deg, distance=647.00 mm, state=TRACKING, checksum=OK
发送: d7 02 64 fe 5a 02 02 99
收到: yaw=7.27 deg, pitch=-4.12 deg, distance=602.00 mm, state=TRACKING, checksum=OK
发送: 00 00 00 00 00 00 00 00
收到: yaw=0.00 deg, pitch=0.00 deg, distance=0.00 mm, state=NO_TARGET, checksum=OK
发送: 00 00 00 00 00 00 00 00
收到: yaw=0.00 deg, pitch=0.00 deg, distance=0.00 mm, state=NO_TARGET, checksum=OK
发送: 00 00 00 00 00 00 00 00
收到: yaw=0.00 deg, pitch=0.00 deg, distance=0.00 mm, state=NO_TARGET, checksum=OK
发送: 00 00 00 00 00 00 00 00
收到: yaw=0.00 deg, pitch=0.00 deg, distance=0.00 mm, state=NO_TARGET, checksum=OK
发送: bc 02 c9 fd 82 02 02 0a
收到: yaw=7.00 deg, pitch=-5.67 deg, distance=642.00 mm, state=TRACKING, checksum=OK
发送: 00 00 00 00 00 00 00 00
收到: yaw=0.00 deg, pitch=0.00 deg, distance=0.00 mm, state=NO_TARGET, checksum=OK
发送: 70 02 ea fd 6c 02 02 c9
收到: yaw=6.24 deg, pitch=-5.34 deg, distance=620.00 mm, state=TRACKING, checksum=OK
发送: 00 00 00 00 00 00 00 00
收到: yaw=0.00 deg, pitch=0.00 deg, distance=0.00 mm, state=NO_TARGET, checksum=OK
发送: 00 00 00 00 00 00 00 00
收到: yaw=0.00 deg, pitch=0.00 deg, distance=0.00 mm, state=NO_TARGET, checksum=OK
发送: c1 01 df fd 57 02 02 f9
收到: yaw=4.49 deg, pitch=-5.45 deg, distance=599.00 mm, state=TRACKING, checksum=OK
发送: 00 00 00 00 00 00 00 00
收到: yaw=0.00 deg, pitch=0.00 deg, distance=0.00 mm, state=NO_TARGET, checksum=OK
发送: fa 00 64 fd 39 02 02 98
收到: yaw=2.50 deg, pitch=-6.68 deg, distance=569.00 mm, state=TRACKING, checksum=OK
发送: 80 00 3e fd 32 02 02 f1
收到: yaw=1.28 deg, pitch=-7.06 deg, distance=562.00 mm, state=TRACKING, checksum=OK
发送: 1c 00 fa fc 18 02 02 2e
收到: yaw=0.28 deg, pitch=-7.74 deg, distance=536.00 mm, state=TRACKING, checksum=OK
发送: 00 00 00 00 00 00 00 00
收到: yaw=0.00 deg, pitch=0.00 deg, distance=0.00 mm, state=NO_TARGET, checksum=OK
发送: 85 ff 65 fc 2e 02 02 17
收到: yaw=-1.23 deg, pitch=-9.23 deg, distance=558.00 mm, state=TRACKING, checksum=OK
发送: 59 ff 40 fc 14 02 02 ac
收到: yaw=-1.67 deg, pitch=-9.60 deg, distance=532.00 mm, state=TRACKING, checksum=OK
发送: db ff 51 fd 6a 00 02 94
收到: yaw=-0.37 deg, pitch=-6.87 deg, distance=106.00 mm, state=TRACKING, checksum=OK
发送: 00 00 00 00 00 00 00 00
收到: yaw=0.00 deg, pitch=0.00 deg, distance=0.00 mm, state=NO_TARGET, checksum=OK
发送: 67 fe b4 fc cf 01 02 e7
收到: yaw=-4.09 deg, pitch=-8.44 deg, distance=463.00 mm, state=TRACKING, checksum=OK
发送: 03 fe f3 fd ef 03 02 e5
收到: yaw=-5.09 deg, pitch=-5.25 deg, distance=1007.00 mm, state=TRACKING, checksum=OK
发送: 2c fe 8d fc cc 01 02 82
收到: yaw=-4.68 deg, pitch=-8.83 deg, distance=460.00 mm, state=TRACKING, checksum=OK
发送: a9 fe ac fc bc 01 02 0e
收到: yaw=-3.43 deg, pitch=-8.52 deg, distance=444.00 mm, state=TRACKING, checksum=OK
发送: 67 ff 93 fc 09 02 02 02
收到: yaw=-1.53 deg, pitch=-8.77 deg, distance=521.00 mm, state=TRACKING, checksum=OK
发送: ce ff 9b fc ff 01 02 66
收到: yaw=-0.50 deg, pitch=-8.69 deg, distance=511.00 mm, state=TRACKING, checksum=OK
发送: d1 ff cb fc f2 01 02 8c
收到: yaw=-0.47 deg, pitch=-8.21 deg, distance=498.00 mm, state=TRACKING, checksum=OK
发送: 58 ff d9 fd e1 01 02 11
收到: yaw=-1.68 deg, pitch=-5.51 deg, distance=481.00 mm, state=TRACKING, checksum=OK
发送: 0b ff d5 fe fb 01 02 db
收到: yaw=-2.45 deg, pitch=-2.99 deg, distance=507.00 mm, state=TRACKING, checksum=OK
发送: 58 fe 63 00 a1 02 02 5e
收到: yaw=-4.24 deg, pitch=0.99 deg, distance=673.00 mm, state=TRACKING, checksum=OK
发送: 9b fd 97 00 95 02 02 c8
收到: yaw=-6.13 deg, pitch=1.51 deg, distance=661.00 mm, state=TRACKING, checksum=OK
发送: d5 fd 3b 00 98 02 02 a9
收到: yaw=-5.55 deg, pitch=0.59 deg, distance=664.00 mm, state=TRACKING, checksum=OK
发送: ed fe d3 ff 2b 02 02 ec
收到: yaw=-2.75 deg, pitch=-0.45 deg, distance=555.00 mm, state=TRACKING, checksum=OK
发送: 49 01 e6 ff 85 02 02 b8
收到: yaw=3.29 deg, pitch=-0.26 deg, distance=645.00 mm, state=TRACKING, checksum=OK
发送: ae 02 fc ff 41 02 02 f0
收到: yaw=6.86 deg, pitch=-0.04 deg, distance=577.00 mm, state=TRACKING, checksum=OK
发送: 8f 03 61 00 96 00 02 8b
收到: yaw=9.11 deg, pitch=0.97 deg, distance=150.00 mm, state=TRACKING, checksum=OK
发送: 34 03 91 ff 6e 02 02 39
收到: yaw=8.20 deg, pitch=-1.11 deg, distance=622.00 mm, state=TRACKING, checksum=OK
发送: af 03 92 ff 7a 02 02 c1
收到: yaw=9.43 deg, pitch=-1.10 deg, distance=634.00 mm, state=TRACKING, checksum=OK
发送: 1f 04 3a ff 7d 02 02 dd
收到: yaw=10.55 deg, pitch=-1.98 deg, distance=637.00 mm, state=TRACKING, checksum=OK
发送: a1 04 be fe 7f 02 02 e4
收到: yaw=11.85 deg, pitch=-3.22 deg, distance=639.00 mm, state=TRACKING, checksum=OK
发送: 38 05 82 fe 7b 02 02 3c
收到: yaw=13.36 deg, pitch=-3.82 deg, distance=635.00 mm, state=TRACKING, checksum=OK
发送: c1 05 3f fe b3 02 02 ba
收到: yaw=14.73 deg, pitch=-4.49 deg, distance=691.00 mm, state=TRACKING, checksum=OK
发送: a9 06 cd fd b3 02 02 30
收到: yaw=17.05 deg, pitch=-5.63 deg, distance=691.00 mm, state=TRACKING, checksum=OK
发送: 00 00 00 00 00 00 03 03
收到: yaw=0.00 deg, pitch=0.00 deg, distance=0.00 mm, state=LOST, checksum=OK
发送: 00 00 00 00 00 00 03 03
收到: yaw=0.00 deg, pitch=0.00 deg, distance=0.00 mm, state=LOST, checksum=OK
发送: 00 00 00 00 00 00 03 03
收到: yaw=0.00 deg, pitch=0.00 deg, distance=0.00 mm, state=LOST, checksum=OK
发送: 00 00 00 00 00 00 03 03
收到: yaw=0.00 deg, pitch=0.00 deg, distance=0.00 mm, state=LOST, checksum=OK
发送: 00 00 00 00 00 00 03 03
收到: yaw=0.00 deg, pitch=0.00 deg, distance=0.00 mm, state=LOST, checksum=OK
发送: 00 00 00 00 00 00 03 03
收到: yaw=0.00 deg, pitch=0.00 deg, distance=0.00 mm, state=LOST, checksum=OK
发送: 27 07 00 fe 70 03 02 a1
收到: yaw=18.31 deg, pitch=-5.12 deg, distance=880.00 mm, state=TRACKING, checksum=OK
发送: 36 07 1b ff af 00 02 08
收到: yaw=18.46 deg, pitch=-2.29 deg, distance=175.00 mm, state=TRACKING, checksum=OK
发送: 00 00 00 00 00 00 00 00
收到: yaw=0.00 deg, pitch=0.00 deg, distance=0.00 mm, state=NO_TARGET, checksum=OK
发送: 00 00 00 00 00 00 00 00
收到: yaw=0.00 deg, pitch=0.00 deg, distance=0.00 mm, state=NO_TARGET, checksum=OK
发送: b2 04 3d ff ce 02 02 c4
收到: yaw=12.02 deg, pitch=-1.95 deg, distance=718.00 mm, state=TRACKING, checksum=OK
发送: 00 00 00 00 00 00 00 00
收到: yaw=0.00 deg, pitch=0.00 deg, distance=0.00 mm, state=NO_TARGET, checksum=OK
发送: 52 04 71 00 6c 00 02 35
收到: yaw=11.06 deg, pitch=1.13 deg, distance=108.00 mm, state=TRACKING, checksum=OK
发送: 00 00 00 00 00 00 00 00
收到: yaw=0.00 deg, pitch=0.00 deg, distance=0.00 mm, state=NO_TARGET, checksum=OK
发送: f9 03 db 00 51 00 02 2a
收到: yaw=10.17 deg, pitch=2.19 deg, distance=81.00 mm, state=TRACKING, checksum=OK
发送: ae 04 79 01 34 00 02 62
收到: yaw=11.98 deg, pitch=3.77 deg, distance=52.00 mm, state=TRACKING, checksum=OK
发送: a1 04 9d 01 37 00 02 7c
收到: yaw=11.85 deg, pitch=4.13 deg, distance=55.00 mm, state=TRACKING, checksum=OK
发送: 00 00 00 00 00 00 00 00
收到: yaw=0.00 deg, pitch=0.00 deg, distance=0.00 mm, state=NO_TARGET, checksum=OK
发送: 1b 03 49 00 bc 02 02 27
收到: yaw=7.95 deg, pitch=0.73 deg, distance=700.00 mm, state=TRACKING, checksum=OK
发送: 00 00 00 00 00 00 00 00
收到: yaw=0.00 deg, pitch=0.00 deg, distance=0.00 mm, state=NO_TARGET, checksum=OK
发送: 00 00 00 00 00 00 00 00
收到: yaw=0.00 deg, pitch=0.00 deg, distance=0.00 mm, state=NO_TARGET, checksum=OK
发送: 4a 03 11 00 9b 02 02 fd
收到: yaw=8.42 deg, pitch=0.17 deg, distance=667.00 mm, state=TRACKING, checksum=OK
发送: 00 00 00 00 00 00 00 00
收到: yaw=0.00 deg, pitch=0.00 deg, distance=0.00 mm, state=NO_TARGET, checksum=OK
发送: b4 03 f8 ff a6 02 02 58
收到: yaw=9.48 deg, pitch=-0.08 deg, distance=678.00 mm, state=TRACKING, checksum=OK
发送: 10 05 13 01 4c 00 02 77
收到: yaw=12.96 deg, pitch=2.75 deg, distance=76.00 mm, state=TRACKING, checksum=OK
发送: 00 00 00 00 00 00 00 00
收到: yaw=0.00 deg, pitch=0.00 deg, distance=0.00 mm, state=NO_TARGET, checksum=OK
发送: 93 03 42 00 bb 02 02 97
收到: yaw=9.15 deg, pitch=0.66 deg, distance=699.00 mm, state=TRACKING, checksum=OK
发送: 00 00 00 00 00 00 00 00
收到: yaw=0.00 deg, pitch=0.00 deg, distance=0.00 mm, state=NO_TARGET, checksum=OK
发送: cd 02 ba 00 df 02 02 6c
收到: yaw=7.17 deg, pitch=1.86 deg, distance=735.00 mm, state=TRACKING, checksum=OK
发送: 00 00 00 00 00 00 03 03
收到: yaw=0.00 deg, pitch=0.00 deg, distance=0.00 mm, state=LOST, checksum=OK
发送: d0 03 6c 01 53 00 02 95
收到: yaw=9.76 deg, pitch=3.64 deg, distance=83.00 mm, state=TRACKING, checksum=OK
发送: 00 00 00 00 00 00 00 00
收到: yaw=0.00 deg, pitch=0.00 deg, distance=0.00 mm, state=NO_TARGET, checksum=OK
发送: 00 00 00 00 00 00 00 00
收到: yaw=0.00 deg, pitch=0.00 deg, distance=0.00 mm, state=NO_TARGET, checksum=OK
发送: 94 02 a6 00 ae 02 02 ee
收到: yaw=6.60 deg, pitch=1.66 deg, distance=686.00 mm, state=TRACKING, checksum=OK
发送: 9b 02 ba 00 af 02 02 0a
收到: yaw=6.67 deg, pitch=1.86 deg, distance=687.00 mm, state=TRACKING, checksum=OK
发送: 34 03 8c 01 6e 00 02 34
收到: yaw=8.20 deg, pitch=3.96 deg, distance=110.00 mm, state=TRACKING, checksum=OK
发送: cc 03 f8 01 3c 00 02 06
收到: yaw=9.72 deg, pitch=5.04 deg, distance=60.00 mm, state=TRACKING, checksum=OK
发送: ff 01 af 00 be 02 02 71
收到: yaw=5.11 deg, pitch=1.75 deg, distance=702.00 mm, state=TRACKING, checksum=OK
发送: 00 00 00 00 00 00 03 03
收到: yaw=0.00 deg, pitch=0.00 deg, distance=0.00 mm, state=LOST, checksum=OK
发送: f6 00 78 00 e4 02 02 56
收到: yaw=2.46 deg, pitch=1.20 deg, distance=740.00 mm, state=TRACKING, checksum=OK
发送: 2f 01 12 01 b2 00 02 f7
收到: yaw=3.03 deg, pitch=2.74 deg, distance=178.00 mm, state=TRACKING, checksum=OK
发送: 43 00 77 00 f7 02 02 b5
收到: yaw=0.67 deg, pitch=1.19 deg, distance=759.00 mm, state=TRACKING, checksum=OK
发送: 11 00 58 00 36 03 02 a4
收到: yaw=0.17 deg, pitch=0.88 deg, distance=822.00 mm, state=TRACKING, checksum=OK
发送: ab ff 6a 00 18 03 02 31
收到: yaw=-0.85 deg, pitch=1.06 deg, distance=792.00 mm, state=TRACKING, checksum=OK
发送: aa ff 71 00 30 03 02 4f
收到: yaw=-0.86 deg, pitch=1.13 deg, distance=816.00 mm, state=TRACKING, checksum=OK
发送: ba ff 5c 00 13 03 02 2d
收到: yaw=-0.70 deg, pitch=0.92 deg, distance=787.00 mm, state=TRACKING, checksum=OK
发送: b0 ff 60 00 62 03 02 76
收到: yaw=-0.80 deg, pitch=0.96 deg, distance=866.00 mm, state=TRACKING, checksum=OK
发送: ce ff 6e 00 2b 03 02 6b
收到: yaw=-0.50 deg, pitch=1.10 deg, distance=811.00 mm, state=TRACKING, checksum=OK
发送: 22 00 7b 00 a7 03 02 49
收到: yaw=0.34 deg, pitch=1.23 deg, distance=935.00 mm, state=TRACKING, checksum=OK
发送: ef ff a2 00 57 03 02 ec
收到: yaw=-0.17 deg, pitch=1.62 deg, distance=855.00 mm, state=TRACKING, checksum=OK
发送: 17 00 bb 00 78 03 02 4f
收到: yaw=0.23 deg, pitch=1.87 deg, distance=888.00 mm, state=TRACKING, checksum=OK
发送: 49 00 ae 00 80 03 02 7c
收到: yaw=0.73 deg, pitch=1.74 deg, distance=896.00 mm, state=TRACKING, checksum=OK
发送: 19 00 b4 00 6b 03 02 3d
收到: yaw=0.25 deg, pitch=1.80 deg, distance=875.00 mm, state=TRACKING, checksum=OK
发送: 00 00 00 00 00 00 00 00
收到: yaw=0.00 deg, pitch=0.00 deg, distance=0.00 mm, state=NO_TARGET, checksum=OK
发送: df ff 7d 00 6e 03 02 ce
收到: yaw=-0.33 deg, pitch=1.25 deg, distance=878.00 mm, state=TRACKING, checksum=OK
发送: a9 ff 4f 00 61 03 02 5d
收到: yaw=-0.87 deg, pitch=0.79 deg, distance=865.00 mm, state=TRACKING, checksum=OK
发送: 50 ff 24 00 6a 03 02 e2
收到: yaw=-1.76 deg, pitch=0.36 deg, distance=874.00 mm, state=TRACKING, checksum=OK
发送: 17 ff 0e 00 ac 03 02 d5
收到: yaw=-2.33 deg, pitch=0.14 deg, distance=940.00 mm, state=TRACKING, checksum=OK
发送: b9 fe e5 ff 76 03 02 16
收到: yaw=-3.27 deg, pitch=-0.27 deg, distance=886.00 mm, state=TRACKING, checksum=OK
发送: ba fe bf ff 38 03 02 b3
收到: yaw=-3.26 deg, pitch=-0.65 deg, distance=824.00 mm, state=TRACKING, checksum=OK
发送: 72 fe 86 ff 3b 03 02 35
收到: yaw=-3.98 deg, pitch=-1.22 deg, distance=827.00 mm, state=TRACKING, checksum=OK
发送: 12 fe 71 ff 62 03 02 e7
收到: yaw=-4.94 deg, pitch=-1.43 deg, distance=866.00 mm, state=TRACKING, checksum=OK
发送: be fd 3f ff 27 03 02 25
收到: yaw=-5.78 deg, pitch=-1.93 deg, distance=807.00 mm, state=TRACKING, checksum=OK
发送: a9 fd 31 ff 50 03 02 2b
收到: yaw=-5.99 deg, pitch=-2.07 deg, distance=848.00 mm, state=TRACKING, checksum=OK
发送: 9a fd 19 ff 59 03 02 0d
收到: yaw=-6.14 deg, pitch=-2.31 deg, distance=857.00 mm, state=TRACKING, checksum=OK
发送: 50 fd 3f ff 57 03 02 e7
收到: yaw=-6.88 deg, pitch=-1.93 deg, distance=855.00 mm, state=TRACKING, checksum=OK
发送: 3d fd 56 ff 8a 03 02 1e
收到: yaw=-7.07 deg, pitch=-1.70 deg, distance=906.00 mm, state=TRACKING, checksum=OK
发送: 00 00 00 00 00 00 00 00
收到: yaw=0.00 deg, pitch=0.00 deg, distance=0.00 mm, state=NO_TARGET, checksum=OK
发送: 00 00 00 00 00 00 00 00
收到: yaw=0.00 deg, pitch=0.00 deg, distance=0.00 mm, state=NO_TARGET, checksum=OK
发送: 13 fd 7e ff 90 03 02 22
收到: yaw=-7.49 deg, pitch=-1.30 deg, distance=912.00 mm, state=TRACKING, checksum=OK
发送: dd fd 23 00 8a 00 02 89
收到: yaw=-5.47 deg, pitch=0.35 deg, distance=138.00 mm, state=TRACKING, checksum=OK
发送: 00 00 00 00 00 00 00 00
收到: yaw=0.00 deg, pitch=0.00 deg, distance=0.00 mm, state=NO_TARGET, checksum=OK
发送: 2f fe 2b 00 a9 00 02 03
收到: yaw=-4.65 deg, pitch=0.43 deg, distance=169.00 mm, state=TRACKING, checksum=OK
发送: f4 fd b2 ff 39 03 02 e0
收到: yaw=-5.24 deg, pitch=-0.78 deg, distance=825.00 mm, state=TRACKING, checksum=OK
发送: 00 00 00 00 00 00 00 00
收到: yaw=0.00 deg, pitch=0.00 deg, distance=0.00 mm, state=NO_TARGET, checksum=OK
发送: 98 fe 6e ff 02 03 02 0a
收到: yaw=-3.60 deg, pitch=-1.46 deg, distance=770.00 mm, state=TRACKING, checksum=OK
发送: d0 fe 4e ff e4 02 02 03
收到: yaw=-3.04 deg, pitch=-1.78 deg, distance=740.00 mm, state=TRACKING, checksum=OK
发送: 3a ff 0f ff c6 02 02 11
收到: yaw=-1.98 deg, pitch=-2.41 deg, distance=710.00 mm, state=TRACKING, checksum=OK
发送: 99 ff cf fe 94 02 02 fd
收到: yaw=-1.03 deg, pitch=-3.05 deg, distance=660.00 mm, state=TRACKING, checksum=OK
发送: 26 00 9c fe 62 02 02 26
收到: yaw=0.38 deg, pitch=-3.56 deg, distance=610.00 mm, state=TRACKING, checksum=OK
发送: c0 00 90 fe 6c 02 02 be
收到: yaw=1.92 deg, pitch=-3.68 deg, distance=620.00 mm, state=TRACKING, checksum=OK
发送: 3a 01 84 fe 87 02 02 48
收到: yaw=3.14 deg, pitch=-3.80 deg, distance=647.00 mm, state=TRACKING, checksum=OK
发送: d4 01 9b fe df 02 02 51
收到: yaw=4.68 deg, pitch=-3.57 deg, distance=735.00 mm, state=TRACKING, checksum=OK
发送: 00 00 00 00 00 00 00 00
收到: yaw=0.00 deg, pitch=0.00 deg, distance=0.00 mm, state=NO_TARGET, checksum=OK
发送: d4 02 b4 fe f2 02 02 7e
收到: yaw=7.24 deg, pitch=-3.32 deg, distance=754.00 mm, state=TRACKING, checksum=OK
发送: 21 03 b7 fe e9 02 02 c6
收到: yaw=8.01 deg, pitch=-3.29 deg, distance=745.00 mm, state=TRACKING, checksum=OK
发送: 75 03 a2 fe de 02 02 fa
收到: yaw=8.85 deg, pitch=-3.50 deg, distance=734.00 mm, state=TRACKING, checksum=OK
发送: 00 00 00 00 00 00 00 00
收到: yaw=0.00 deg, pitch=0.00 deg, distance=0.00 mm, state=NO_TARGET, checksum=OK
发送: af 03 96 fe ad 02 02 f7
收到: yaw=9.43 deg, pitch=-3.62 deg, distance=685.00 mm, state=TRACKING, checksum=OK
发送: 00 00 00 00 00 00 00 00
收到: yaw=0.00 deg, pitch=0.00 deg, distance=0.00 mm, state=NO_TARGET, checksum=OK
发送: 00 00 00 00 00 00 00 00
收到: yaw=0.00 deg, pitch=0.00 deg, distance=0.00 mm, state=NO_TARGET, checksum=OK
发送: 5a 04 01 00 56 00 02 b7
收到: yaw=11.14 deg, pitch=0.01 deg, distance=86.00 mm, state=TRACKING, checksum=OK
发送: 00 00 00 00 00 00 00 00
收到: yaw=0.00 deg, pitch=0.00 deg, distance=0.00 mm, state=NO_TARGET, checksum=OK
发送: 00 00 00 00 00 00 00 00
收到: yaw=0.00 deg, pitch=0.00 deg, distance=0.00 mm, state=NO_TARGET, checksum=OK
发送: 28 03 9d fe 41 02 02 0b
收到: yaw=8.08 deg, pitch=-3.55 deg, distance=577.00 mm, state=TRACKING, checksum=OK
发送: 00 00 00 00 00 00 00 00
收到: yaw=0.00 deg, pitch=0.00 deg, distance=0.00 mm, state=NO_TARGET, checksum=OK
发送: 7c 02 30 fe 17 02 02 c7
收到: yaw=6.36 deg, pitch=-4.64 deg, distance=535.00 mm, state=TRACKING, checksum=OK
发送: 08 02 e2 fd f3 01 02 df
收到: yaw=5.20 deg, pitch=-5.42 deg, distance=499.00 mm, state=TRACKING, checksum=OK
发送: 14 02 c6 fd df 01 02 bb
收到: yaw=5.32 deg, pitch=-5.70 deg, distance=479.00 mm, state=TRACKING, checksum=OK
发送: 1f 02 bc fd d4 01 02 b1
收到: yaw=5.43 deg, pitch=-5.80 deg, distance=468.00 mm, state=TRACKING, checksum=OK
发送: e3 01 89 fd bf 01 02 2c
收到: yaw=4.83 deg, pitch=-6.31 deg, distance=447.00 mm, state=TRACKING, checksum=OK
发送: a1 02 f4 fd cf 01 02 66
收到: yaw=6.73 deg, pitch=-5.24 deg, distance=463.00 mm, state=TRACKING, checksum=OK
发送: 39 03 ff fd b7 01 02 f2
收到: yaw=8.25 deg, pitch=-5.13 deg, distance=439.00 mm, state=TRACKING, checksum=OK
发送: af 03 09 fe b5 01 02 71
收到: yaw=9.43 deg, pitch=-5.03 deg, distance=437.00 mm, state=TRACKING, checksum=OK
发送: 03 04 1b fe ae 01 02 d1
收到: yaw=10.27 deg, pitch=-4.85 deg, distance=430.00 mm, state=TRACKING, checksum=OK
发送: 2f 04 29 fe 9d 01 02 fa
收到: yaw=10.71 deg, pitch=-4.71 deg, distance=413.00 mm, state=TRACKING, checksum=OK
发送: f4 03 28 fe 9c 01 02 bc
收到: yaw=10.12 deg, pitch=-4.72 deg, distance=412.00 mm, state=TRACKING, checksum=OK
发送: 51 03 4d fe 93 01 02 35
收到: yaw=8.49 deg, pitch=-4.35 deg, distance=403.00 mm, state=TRACKING, checksum=OK
发送: 6f 02 8e fe 88 01 02 88
收到: yaw=6.23 deg, pitch=-3.70 deg, distance=392.00 mm, state=TRACKING, checksum=OK
发送: e6 01 ee fe 7e 01 02 54
收到: yaw=4.86 deg, pitch=-2.74 deg, distance=382.00 mm, state=TRACKING, checksum=OK
发送: 86 01 3b ff 78 01 02 3c
收到: yaw=3.90 deg, pitch=-1.97 deg, distance=376.00 mm, state=TRACKING, checksum=OK
发送: 07 01 89 ff 68 01 02 fb
收到: yaw=2.63 deg, pitch=-1.19 deg, distance=360.00 mm, state=TRACKING, checksum=OK
发送: c8 00 bc ff 62 01 02 e8
收到: yaw=2.00 deg, pitch=-0.68 deg, distance=354.00 mm, state=TRACKING, checksum=OK
发送: bd 00 d7 ff 54 01 02 ea
收到: yaw=1.89 deg, pitch=-0.41 deg, distance=340.00 mm, state=TRACKING, checksum=OK
发送: a2 00 53 00 8a 01 02 82
收到: yaw=1.62 deg, pitch=0.83 deg, distance=394.00 mm, state=TRACKING, checksum=OK
发送: 7b 00 c3 00 95 01 02 d6
收到: yaw=1.23 deg, pitch=1.95 deg, distance=405.00 mm, state=TRACKING, checksum=OK
发送: 2f 00 e7 00 93 01 02 ac
收到: yaw=0.47 deg, pitch=2.31 deg, distance=403.00 mm, state=TRACKING, checksum=OK
发送: 21 00 1e 01 90 01 02 d3
收到: yaw=0.33 deg, pitch=2.86 deg, distance=400.00 mm, state=TRACKING, checksum=OK
发送: e9 ff 67 01 91 01 02 e4
收到: yaw=-0.23 deg, pitch=3.59 deg, distance=401.00 mm, state=TRACKING, checksum=OK
发送: ef ff a0 01 8b 01 02 1d
收到: yaw=-0.17 deg, pitch=4.16 deg, distance=395.00 mm, state=TRACKING, checksum=OK
发送: ea ff ca 01 81 01 02 38
收到: yaw=-0.22 deg, pitch=4.58 deg, distance=385.00 mm, state=TRACKING, checksum=OK
发送: fa ff c6 01 7d 01 02 40
收到: yaw=-0.06 deg, pitch=4.54 deg, distance=381.00 mm, state=TRACKING, checksum=OK
发送: 56 00 d9 01 6f 01 02 a2
收到: yaw=0.86 deg, pitch=4.73 deg, distance=367.00 mm, state=TRACKING, checksum=OK
发送: 40 00 21 02 6b 01 02 d1
收到: yaw=0.64 deg, pitch=5.45 deg, distance=363.00 mm, state=TRACKING, checksum=OK
发送: 37 00 32 02 6a 01 02 d8
收到: yaw=0.55 deg, pitch=5.62 deg, distance=362.00 mm, state=TRACKING, checksum=OK
发送: 1a 00 3c 02 65 01 02 c0
收到: yaw=0.26 deg, pitch=5.72 deg, distance=357.00 mm, state=TRACKING, checksum=OK
发送: f2 ff 5c 02 67 01 02 b9
收到: yaw=-0.14 deg, pitch=6.04 deg, distance=359.00 mm, state=TRACKING, checksum=OK
发送: d7 ff 58 02 5f 01 02 92
收到: yaw=-0.41 deg, pitch=6.00 deg, distance=351.00 mm, state=TRACKING, checksum=OK
发送: c3 ff 58 02 5c 01 02 7b
收到: yaw=-0.61 deg, pitch=6.00 deg, distance=348.00 mm, state=TRACKING, checksum=OK
发送: f4 ff a2 02 5d 01 02 f7
收到: yaw=-0.12 deg, pitch=6.74 deg, distance=349.00 mm, state=TRACKING, checksum=OK
发送: f9 ff f8 02 5c 01 02 51
收到: yaw=-0.07 deg, pitch=7.60 deg, distance=348.00 mm, state=TRACKING, checksum=OK
发送: 68 00 31 03 58 01 02 f7
收到: yaw=1.04 deg, pitch=8.17 deg, distance=344.00 mm, state=TRACKING, checksum=OK
发送: 93 00 96 03 59 01 02 88
收到: yaw=1.47 deg, pitch=9.18 deg, distance=345.00 mm, state=TRACKING, checksum=OK
发送: 64 00 05 04 59 01 02 c9
收到: yaw=1.00 deg, pitch=10.29 deg, distance=345.00 mm, state=TRACKING, checksum=OK
发送: 52 00 70 04 57 01 02 20
收到: yaw=0.82 deg, pitch=11.36 deg, distance=343.00 mm, state=TRACKING, checksum=OK
发送: 2b 00 c6 04 74 01 02 6c
收到: yaw=0.43 deg, pitch=12.22 deg, distance=372.00 mm, state=TRACKING, checksum=OK
发送: 1b 00 0d 05 8f 01 02 bf
收到: yaw=0.27 deg, pitch=12.93 deg, distance=399.00 mm, state=TRACKING, checksum=OK
发送: 2f 00 3a 05 9e 01 02 0f
收到: yaw=0.47 deg, pitch=13.38 deg, distance=414.00 mm, state=TRACKING, checksum=OK
发送: 34 00 60 05 a4 01 02 40
收到: yaw=0.52 deg, pitch=13.76 deg, distance=420.00 mm, state=TRACKING, checksum=OK
发送: 00 00 00 00 00 00 03 03
收到: yaw=0.00 deg, pitch=0.00 deg, distance=0.00 mm, state=LOST, checksum=OK
发送: 00 00 00 00 00 00 03 03
收到: yaw=0.00 deg, pitch=0.00 deg, distance=0.00 mm, state=LOST, checksum=OK
发送: d3 ff 53 05 b0 01 02 dd
收到: yaw=-0.45 deg, pitch=13.63 deg, distance=432.00 mm, state=TRACKING, checksum=OK
发送: ae ff 35 05 a5 01 02 8f
收到: yaw=-0.82 deg, pitch=13.33 deg, distance=421.00 mm, state=TRACKING, checksum=OK
发送: 50 ff 1a 05 9e 01 02 0f
收到: yaw=-1.76 deg, pitch=13.06 deg, distance=414.00 mm, state=TRACKING, checksum=OK
发送: 15 ff ed 04 a0 01 02 a8
收到: yaw=-2.35 deg, pitch=12.61 deg, distance=416.00 mm, state=TRACKING, checksum=OK
发送: c0 fe c1 04 8b 01 02 11
收到: yaw=-3.20 deg, pitch=12.17 deg, distance=395.00 mm, state=TRACKING, checksum=OK
发送: 73 fe cf 04 93 01 02 da
收到: yaw=-3.97 deg, pitch=12.31 deg, distance=403.00 mm, state=TRACKING, checksum=OK
发送: 50 fe f3 04 a1 01 02 e9
收到: yaw=-4.32 deg, pitch=12.67 deg, distance=417.00 mm, state=TRACKING, checksum=OK
发送: 89 fe c2 04 9b 01 02 eb
收到: yaw=-3.75 deg, pitch=12.18 deg, distance=411.00 mm, state=TRACKING, checksum=OK
发送: a9 fe ad 04 9d 01 02 f8
收到: yaw=-3.43 deg, pitch=11.97 deg, distance=413.00 mm, state=TRACKING, checksum=OK
发送: e0 fe af 04 a2 01 02 36
收到: yaw=-2.88 deg, pitch=11.99 deg, distance=418.00 mm, state=TRACKING, checksum=OK
发送: 0f ff b0 04 a4 01 02 69
收到: yaw=-2.41 deg, pitch=12.00 deg, distance=420.00 mm, state=TRACKING, checksum=OK
发送: 2f ff a2 04 ab 01 02 82
收到: yaw=-2.09 deg, pitch=11.86 deg, distance=427.00 mm, state=TRACKING, checksum=OK
发送: 38 ff 90 04 ad 01 02 7b
收到: yaw=-2.00 deg, pitch=11.68 deg, distance=429.00 mm, state=TRACKING, checksum=OK
发送: 40 ff 5c 04 b2 01 02 54
收到: yaw=-1.92 deg, pitch=11.16 deg, distance=434.00 mm, state=TRACKING, checksum=OK
发送: 5d ff 08 04 b0 01 02 1b
收到: yaw=-1.63 deg, pitch=10.32 deg, distance=432.00 mm, state=TRACKING, checksum=OK
发送: 0f ff 95 03 b4 01 02 5d
收到: yaw=-2.41 deg, pitch=9.17 deg, distance=436.00 mm, state=TRACKING, checksum=OK
发送: 00 ff 0b 03 b2 01 02 c2
收到: yaw=-2.56 deg, pitch=7.79 deg, distance=434.00 mm, state=TRACKING, checksum=OK
发送: fe fe b2 02 b6 01 02 69
收到: yaw=-2.58 deg, pitch=6.90 deg, distance=438.00 mm, state=TRACKING, checksum=OK
发送: f1 fe 56 02 b6 01 02 00
收到: yaw=-2.71 deg, pitch=5.98 deg, distance=438.00 mm, state=TRACKING, checksum=OK
发送: 00 ff dd 01 bb 01 02 9b
收到: yaw=-2.56 deg, pitch=4.77 deg, distance=443.00 mm, state=TRACKING, checksum=OK
发送: c4 fe 6e 01 ba 01 02 ee
收到: yaw=-3.16 deg, pitch=3.66 deg, distance=442.00 mm, state=TRACKING, checksum=OK
发送: d6 fe 26 01 bd 01 02 bb
收到: yaw=-2.98 deg, pitch=2.94 deg, distance=445.00 mm, state=TRACKING, checksum=OK
发送: 82 ff 67 00 5c 01 02 47
收到: yaw=-1.26 deg, pitch=1.03 deg, distance=348.00 mm, state=TRACKING, checksum=OK
发送: 94 ff 27 00 61 01 02 1e
收到: yaw=-1.08 deg, pitch=0.39 deg, distance=353.00 mm, state=TRACKING, checksum=OK
发送: a2 ff fe ff 63 01 02 04
收到: yaw=-0.94 deg, pitch=-0.02 deg, distance=355.00 mm, state=TRACKING, checksum=OK
发送: a4 ff e9 ff 68 01 02 f6
收到: yaw=-0.92 deg, pitch=-0.23 deg, distance=360.00 mm, state=TRACKING, checksum=OK
发送: b3 ff d0 ff 6d 01 02 f1
收到: yaw=-0.77 deg, pitch=-0.48 deg, distance=365.00 mm, state=TRACKING, checksum=OK
发送: 96 ff ba ff 71 01 02 c2
收到: yaw=-1.06 deg, pitch=-0.70 deg, distance=369.00 mm, state=TRACKING, checksum=OK
发送: a1 ff bc ff 70 01 02 ce
收到: yaw=-0.95 deg, pitch=-0.68 deg, distance=368.00 mm, state=TRACKING, checksum=OK
发送: 96 ff d2 ff 73 01 02 dc
收到: yaw=-1.06 deg, pitch=-0.46 deg, distance=371.00 mm, state=TRACKING, checksum=OK
发送: b9 ff f7 ff 74 01 02 25
收到: yaw=-0.71 deg, pitch=-0.09 deg, distance=372.00 mm, state=TRACKING, checksum=OK
发送: b4 ff 1d 00 73 01 02 46
收到: yaw=-0.76 deg, pitch=0.29 deg, distance=371.00 mm, state=TRACKING, checksum=OK
发送: 8a ff 59 00 72 01 02 57
收到: yaw=-1.18 deg, pitch=0.89 deg, distance=370.00 mm, state=TRACKING, checksum=OK
发送: 89 ff 94 00 79 01 02 98
收到: yaw=-1.19 deg, pitch=1.48 deg, distance=377.00 mm, state=TRACKING, checksum=OK
发送: 9d ff 96 00 7c 01 02 b1
收到: yaw=-0.99 deg, pitch=1.50 deg, distance=380.00 mm, state=TRACKING, checksum=OK
发送: 73 ff a2 00 7f 01 02 96
收到: yaw=-1.41 deg, pitch=1.62 deg, distance=383.00 mm, state=TRACKING, checksum=OK
发送: 7a ff 86 00 85 01 02 87
收到: yaw=-1.34 deg, pitch=1.34 deg, distance=389.00 mm, state=TRACKING, checksum=OK
发送: ba ff 56 00 8a 01 02 9c
收到: yaw=-0.70 deg, pitch=0.86 deg, distance=394.00 mm, state=TRACKING, checksum=OK
发送: fb ff 32 00 8d 01 02 bc
收到: yaw=-0.05 deg, pitch=0.50 deg, distance=397.00 mm, state=TRACKING, checksum=OK
发送: f6 ff 1a 00 98 01 02 aa
收到: yaw=-0.10 deg, pitch=0.26 deg, distance=408.00 mm, state=TRACKING, checksum=OK
发送: 2f 00 e0 ff a7 01 02 b8
收到: yaw=0.47 deg, pitch=-0.32 deg, distance=423.00 mm, state=TRACKING, checksum=OK
发送: 54 00 dc ff af 01 02 e1
收到: yaw=0.84 deg, pitch=-0.36 deg, distance=431.00 mm, state=TRACKING, checksum=OK
发送: 80 ff da 00 a0 00 02 fb
收到: yaw=-1.28 deg, pitch=2.18 deg, distance=160.00 mm, state=TRACKING, checksum=OK
发送: 8a 00 75 ff c3 01 02 c4
收到: yaw=1.38 deg, pitch=-1.39 deg, distance=451.00 mm, state=TRACKING, checksum=OK
发送: a9 00 61 ff cb 01 02 d7
收到: yaw=1.69 deg, pitch=-1.59 deg, distance=459.00 mm, state=TRACKING, checksum=OK
发送: 8a 00 4f ff dd 01 02 b8
收到: yaw=1.38 deg, pitch=-1.77 deg, distance=477.00 mm, state=TRACKING, checksum=OK
发送: c2 00 25 ff e2 01 02 cb
收到: yaw=1.94 deg, pitch=-2.19 deg, distance=482.00 mm, state=TRACKING, checksum=OK
发送: f5 00 06 ff f0 01 02 ed
收到: yaw=2.45 deg, pitch=-2.50 deg, distance=496.00 mm, state=TRACKING, checksum=OK
发送: 14 01 0f ff fd 01 02 23
收到: yaw=2.76 deg, pitch=-2.41 deg, distance=509.00 mm, state=TRACKING, checksum=OK
发送: f4 00 02 ff 0a 02 02 03
收到: yaw=2.44 deg, pitch=-2.54 deg, distance=522.00 mm, state=TRACKING, checksum=OK
发送: 42 01 dc fe 31 02 02 52
收到: yaw=3.22 deg, pitch=-2.92 deg, distance=561.00 mm, state=TRACKING, checksum=OK
发送: 5c 01 d6 fe 30 02 02 65
收到: yaw=3.48 deg, pitch=-2.98 deg, distance=560.00 mm, state=TRACKING, checksum=OK
发送: 7d 01 c6 fe 33 02 02 79
收到: yaw=3.81 deg, pitch=-3.14 deg, distance=563.00 mm, state=TRACKING, checksum=OK
发送: 76 01 b7 fe 3b 02 02 6b
收到: yaw=3.74 deg, pitch=-3.29 deg, distance=571.00 mm, state=TRACKING, checksum=OK
发送: 69 01 b6 fe 5c 02 02 7e
收到: yaw=3.61 deg, pitch=-3.30 deg, distance=604.00 mm, state=TRACKING, checksum=OK
发送: 68 01 d0 fe 5f 02 02 9a
收到: yaw=3.60 deg, pitch=-3.04 deg, distance=607.00 mm, state=TRACKING, checksum=OK
发送: 47 01 ea fe 58 02 02 8c
收到: yaw=3.27 deg, pitch=-2.78 deg, distance=600.00 mm, state=TRACKING, checksum=OK
发送: e7 00 12 ff 62 02 02 5e
收到: yaw=2.31 deg, pitch=-2.38 deg, distance=610.00 mm, state=TRACKING, checksum=OK
发送: c1 00 45 ff 56 02 02 5f
收到: yaw=1.93 deg, pitch=-1.87 deg, distance=598.00 mm, state=TRACKING, checksum=OK
发送: f3 00 79 ff 66 02 02 d5
收到: yaw=2.43 deg, pitch=-1.35 deg, distance=614.00 mm, state=TRACKING, checksum=OK
发送: d8 00 cb ff 73 02 02 19
收到: yaw=2.16 deg, pitch=-0.53 deg, distance=627.00 mm, state=TRACKING, checksum=OK
发送: e7 00 b9 ff 5b 02 02 fe
收到: yaw=2.31 deg, pitch=-0.71 deg, distance=603.00 mm, state=TRACKING, checksum=OK
发送: 93 00 ae ff 82 02 02 c6
收到: yaw=1.47 deg, pitch=-0.82 deg, distance=642.00 mm, state=TRACKING, checksum=OK
发送: 72 00 b9 ff 78 02 02 a6
收到: yaw=1.14 deg, pitch=-0.71 deg, distance=632.00 mm, state=TRACKING, checksum=OK
发送: 06 00 2a 00 91 02 02 c5
收到: yaw=0.06 deg, pitch=0.42 deg, distance=657.00 mm, state=TRACKING, checksum=OK
发送: 5c 00 69 00 97 07 02 65
收到: yaw=0.92 deg, pitch=1.05 deg, distance=1943.00 mm, state=TRACKING, checksum=OK
发送: dd fd b2 ff 93 02 02 22
收到: yaw=-5.47 deg, pitch=-0.78 deg, distance=659.00 mm, state=TRACKING, checksum=OK
发送: c5 fd 57 ff 87 02 02 a3
收到: yaw=-5.71 deg, pitch=-1.69 deg, distance=647.00 mm, state=TRACKING, checksum=OK
发送: 57 fd 3a ff 96 02 02 27
收到: yaw=-6.81 deg, pitch=-1.98 deg, distance=662.00 mm, state=TRACKING, checksum=OK
发送: 27 fd 4e ff 87 02 02 fc
收到: yaw=-7.29 deg, pitch=-1.78 deg, distance=647.00 mm, state=TRACKING, checksum=OK
发送: 01 fd 4a 00 be 00 02 08
收到: yaw=-7.67 deg, pitch=0.74 deg, distance=190.00 mm, state=TRACKING, checksum=OK
发送: a9 fb 6c 01 25 00 02 38
收到: yaw=-11.11 deg, pitch=3.64 deg, distance=37.00 mm, state=TRACKING, checksum=OK
发送: 00 00 00 00 00 00 00 00
收到: yaw=0.00 deg, pitch=0.00 deg, distance=0.00 mm, state=NO_TARGET, checksum=OK
发送: 00 00 00 00 00 00 00 00
收到: yaw=0.00 deg, pitch=0.00 deg, distance=0.00 mm, state=NO_TARGET, checksum=OK
发送: bc fd eb 00 03 03 02 ac
收到: yaw=-5.80 deg, pitch=2.35 deg, distance=771.00 mm, state=TRACKING, checksum=OK
发送: f2 fd 3d 01 87 03 02 b9
收到: yaw=-5.26 deg, pitch=3.17 deg, distance=903.00 mm, state=TRACKING, checksum=OK
发送: 8e fd de 01 0f 03 02 7e
收到: yaw=-6.26 deg, pitch=4.78 deg, distance=783.00 mm, state=TRACKING, checksum=OK
发送: 57 fd ae 01 ba 02 02 c1
收到: yaw=-6.81 deg, pitch=4.30 deg, distance=698.00 mm, state=TRACKING, checksum=OK
发送: 00 00 00 00 00 00 00 00
收到: yaw=0.00 deg, pitch=0.00 deg, distance=0.00 mm, state=NO_TARGET, checksum=OK
发送: 00 00 00 00 00 00 00 00
收到: yaw=0.00 deg, pitch=0.00 deg, distance=0.00 mm, state=NO_TARGET, checksum=OK
发送: 82 fc 7a 01 e0 02 02 dd
收到: yaw=-8.94 deg, pitch=3.78 deg, distance=736.00 mm, state=TRACKING, checksum=OK
发送: 79 fc 9e 01 ca 02 02 e2
收到: yaw=-9.03 deg, pitch=4.14 deg, distance=714.00 mm, state=TRACKING, checksum=OK
发送: 3e fc b3 02 33 04 02 28
收到: yaw=-9.62 deg, pitch=6.91 deg, distance=1075.00 mm, state=TRACKING, checksum=OK
发送: 0b fc ff 02 45 04 02 53
收到: yaw=-10.13 deg, pitch=7.67 deg, distance=1093.00 mm, state=TRACKING, checksum=OK
发送: d8 fb ff 02 3a 03 02 13
收到: yaw=-10.64 deg, pitch=7.67 deg, distance=826.00 mm, state=TRACKING, checksum=OK
发送: 98 fb 29 03 51 03 02 15
收到: yaw=-11.28 deg, pitch=8.09 deg, distance=849.00 mm, state=TRACKING, checksum=OK
发送: 86 fb 90 03 08 04 02 22
收到: yaw=-11.46 deg, pitch=9.12 deg, distance=1032.00 mm, state=TRACKING, checksum=OK
发送: 75 fb 19 03 c6 01 02 55
收到: yaw=-11.63 deg, pitch=7.93 deg, distance=454.00 mm, state=TRACKING, checksum=OK
发送: 9b fb 06 03 24 03 02 c8
收到: yaw=-11.25 deg, pitch=7.74 deg, distance=804.00 mm, state=TRACKING, checksum=OK
发送: c7 fb bb 02 2d 03 02 b1
收到: yaw=-10.81 deg, pitch=6.99 deg, distance=813.00 mm, state=TRACKING, checksum=OK
发送: d1 fb 93 02 47 03 02 ad
收到: yaw=-10.71 deg, pitch=6.59 deg, distance=839.00 mm, state=TRACKING, checksum=OK
发送: d7 fb 7a 02 54 03 02 a7
收到: yaw=-10.65 deg, pitch=6.34 deg, distance=852.00 mm, state=TRACKING, checksum=OK
发送: b5 fb ab 02 fa 02 02 5b
收到: yaw=-10.99 deg, pitch=6.83 deg, distance=762.00 mm, state=TRACKING, checksum=OK
发送: 00 00 00 00 00 00 00 00
收到: yaw=0.00 deg, pitch=0.00 deg, distance=0.00 mm, state=NO_TARGET, checksum=OK
发送: a3 fb b1 02 36 03 02 8c
收到: yaw=-11.17 deg, pitch=6.89 deg, distance=822.00 mm, state=TRACKING, checksum=OK
发送: aa fb b0 02 63 03 02 bf
收到: yaw=-11.10 deg, pitch=6.88 deg, distance=867.00 mm, state=TRACKING, checksum=OK
发送: d0 fb aa 02 5c 03 02 d8
收到: yaw=-10.72 deg, pitch=6.82 deg, distance=860.00 mm, state=TRACKING, checksum=OK
发送: 06 fc d8 02 88 04 02 6a
收到: yaw=-10.18 deg, pitch=7.28 deg, distance=1160.00 mm, state=TRACKING, checksum=OK
发送: 0f fc 8e 02 6e 03 02 0e
收到: yaw=-10.09 deg, pitch=6.54 deg, distance=878.00 mm, state=TRACKING, checksum=OK
发送: 0a fc 73 02 6c 03 02 ec
收到: yaw=-10.14 deg, pitch=6.27 deg, distance=876.00 mm, state=TRACKING, checksum=OK
发送: 12 fc 50 02 6b 03 02 d0
收到: yaw=-10.06 deg, pitch=5.92 deg, distance=875.00 mm, state=TRACKING, checksum=OK
发送: 2d fc 06 02 68 03 02 9e
收到: yaw=-9.79 deg, pitch=5.18 deg, distance=872.00 mm, state=TRACKING, checksum=OK
发送: 49 fc bd 01 68 03 02 70
收到: yaw=-9.51 deg, pitch=4.45 deg, distance=872.00 mm, state=TRACKING, checksum=OK
发送: 62 fc 99 01 61 03 02 5e
收到: yaw=-9.26 deg, pitch=4.09 deg, distance=865.00 mm, state=TRACKING, checksum=OK
发送: 55 fc 8f 01 4c 03 02 32
收到: yaw=-9.39 deg, pitch=3.99 deg, distance=844.00 mm, state=TRACKING, checksum=OK
发送: 50 fc 77 01 62 03 02 2b
收到: yaw=-9.44 deg, pitch=3.75 deg, distance=866.00 mm, state=TRACKING, checksum=OK
发送: 47 fc 8d 01 54 03 02 2a
收到: yaw=-9.53 deg, pitch=3.97 deg, distance=852.00 mm, state=TRACKING, checksum=OK
发送: 33 fc ae 01 53 03 02 36
收到: yaw=-9.73 deg, pitch=4.30 deg, distance=851.00 mm, state=TRACKING, checksum=OK
发送: 2e fc ab 01 4b 03 02 26
收到: yaw=-9.78 deg, pitch=4.27 deg, distance=843.00 mm, state=TRACKING, checksum=OK
发送: 27 fc 64 01 80 03 02 0d
收到: yaw=-9.85 deg, pitch=3.56 deg, distance=896.00 mm, state=TRACKING, checksum=OK
发送: f8 fb 55 01 83 03 02 d1
收到: yaw=-10.32 deg, pitch=3.41 deg, distance=899.00 mm, state=TRACKING, checksum=OK
发送: 35 fc 14 01 31 03 02 7c
收到: yaw=-9.71 deg, pitch=2.76 deg, distance=817.00 mm, state=TRACKING, checksum=OK
发送: 91 fc b2 00 46 03 02 8a
收到: yaw=-8.79 deg, pitch=1.78 deg, distance=838.00 mm, state=TRACKING, checksum=OK
发送: 7c fc c6 00 7c 03 02 bf
收到: yaw=-9.00 deg, pitch=1.98 deg, distance=892.00 mm, state=TRACKING, checksum=OK
发送: 5a fc 03 01 44 03 02 a3
收到: yaw=-9.34 deg, pitch=2.59 deg, distance=836.00 mm, state=TRACKING, checksum=OK
发送: 51 fc 60 01 80 03 02 33
收到: yaw=-9.43 deg, pitch=3.52 deg, distance=896.00 mm, state=TRACKING, checksum=OK
发送: 35 fc 90 01 74 03 02 3b
收到: yaw=-9.71 deg, pitch=4.00 deg, distance=884.00 mm, state=TRACKING, checksum=OK
发送: 00 00 00 00 00 00 00 00
收到: yaw=0.00 deg, pitch=0.00 deg, distance=0.00 mm, state=NO_TARGET, checksum=OK
发送: 00 00 00 00 00 00 00 00
收到: yaw=0.00 deg, pitch=0.00 deg, distance=0.00 mm, state=NO_TARGET, checksum=OK
发送: 00 00 00 00 00 00 00 00
收到: yaw=0.00 deg, pitch=0.00 deg, distance=0.00 mm, state=NO_TARGET, checksum=OK
发送: 5e fc 99 01 ac 03 02 a5
收到: yaw=-9.30 deg, pitch=4.09 deg, distance=940.00 mm, state=TRACKING, checksum=OK
发送: 6c fc 6e 01 7b 03 02 57
收到: yaw=-9.16 deg, pitch=3.66 deg, distance=891.00 mm, state=TRACKING, checksum=OK
发送: 00 00 00 00 00 00 00 00
收到: yaw=0.00 deg, pitch=0.00 deg, distance=0.00 mm, state=NO_TARGET, checksum=OK
发送: 70 fc 93 01 29 04 02 2f
收到: yaw=-9.12 deg, pitch=4.03 deg, distance=1065.00 mm, state=TRACKING, checksum=OK
发送: 00 00 00 00 00 00 00 00
收到: yaw=0.00 deg, pitch=0.00 deg, distance=0.00 mm, state=NO_TARGET, checksum=OK
发送: 00 00 00 00 00 00 00 00
收到: yaw=0.00 deg, pitch=0.00 deg, distance=0.00 mm, state=NO_TARGET, checksum=OK
发送: 57 fc 2f 02 0d 04 02 97
收到: yaw=-9.37 deg, pitch=5.59 deg, distance=1037.00 mm, state=TRACKING, checksum=OK
发送: 3f fc 37 02 e8 04 02 62
收到: yaw=-9.61 deg, pitch=5.67 deg, distance=1256.00 mm, state=TRACKING, checksum=OK
发送: 29 fc 09 02 f9 03 02 2e
收到: yaw=-9.83 deg, pitch=5.21 deg, distance=1017.00 mm, state=TRACKING, checksum=OK
发送: 00 00 00 00 00 00 00 00
收到: yaw=0.00 deg, pitch=0.00 deg, distance=0.00 mm, state=NO_TARGET, checksum=OK
发送: 00 00 00 00 00 00 03 03
收到: yaw=0.00 deg, pitch=0.00 deg, distance=0.00 mm, state=LOST, checksum=OK
发送: 00 00 00 00 00 00 00 00
收到: yaw=0.00 deg, pitch=0.00 deg, distance=0.00 mm, state=NO_TARGET, checksum=OK
发送: 6c fc a3 02 74 04 02 87
收到: yaw=-9.16 deg, pitch=6.75 deg, distance=1140.00 mm, state=TRACKING, checksum=OK
发送: 92 fc c1 02 0a 04 02 61
收到: yaw=-8.78 deg, pitch=7.05 deg, distance=1034.00 mm, state=TRACKING, checksum=OK
发送: c9 fc d7 02 2c 04 02 d0
收到: yaw=-8.23 deg, pitch=7.27 deg, distance=1068.00 mm, state=TRACKING, checksum=OK
发送: 05 fd e5 02 e4 03 02 d2
收到: yaw=-7.63 deg, pitch=7.41 deg, distance=996.00 mm, state=TRACKING, checksum=OK
发送: 11 fd fb 02 35 04 02 46
收到: yaw=-7.51 deg, pitch=7.63 deg, distance=1077.00 mm, state=TRACKING, checksum=OK
发送: e8 00 68 03 45 03 02 9d
收到: yaw=2.32 deg, pitch=8.72 deg, distance=837.00 mm, state=TRACKING, checksum=OK
发送: 39 fd a3 03 e6 03 02 c7
收到: yaw=-7.11 deg, pitch=9.31 deg, distance=998.00 mm, state=TRACKING, checksum=OK
发送: 00 01 18 04 29 03 02 4b
收到: yaw=2.56 deg, pitch=10.48 deg, distance=809.00 mm, state=TRACKING, checksum=OK
发送: 7a fd a7 04 48 01 02 6d
收到: yaw=-6.46 deg, pitch=11.91 deg, distance=328.00 mm, state=TRACKING, checksum=OK
发送: e8 fc 5d 04 0a 04 02 55
收到: yaw=-7.92 deg, pitch=11.17 deg, distance=1034.00 mm, state=TRACKING, checksum=OK
发送: 00 00 00 00 00 00 00 00
收到: yaw=0.00 deg, pitch=0.00 deg, distance=0.00 mm, state=NO_TARGET, checksum=OK
发送: 92 fc 79 04 d0 03 02 e0
收到: yaw=-8.78 deg, pitch=11.45 deg, distance=976.00 mm, state=TRACKING, checksum=OK
发送: 00 00 00 00 00 00 00 00
收到: yaw=0.00 deg, pitch=0.00 deg, distance=0.00 mm, state=NO_TARGET, checksum=OK
发送: 98 fc 25 04 ef 03 02 b1
收到: yaw=-8.72 deg, pitch=10.61 deg, distance=1007.00 mm, state=TRACKING, checksum=OK
发送: a9 fb 84 03 69 00 02 96
收到: yaw=-11.11 deg, pitch=9.00 deg, distance=105.00 mm, state=TRACKING, checksum=OK
发送: 63 fd b1 04 96 00 02 ad
收到: yaw=-6.69 deg, pitch=12.01 deg, distance=150.00 mm, state=TRACKING, checksum=OK
发送: 68 fb 2e 03 47 00 02 dd
收到: yaw=-11.76 deg, pitch=8.14 deg, distance=71.00 mm, state=TRACKING, checksum=OK
发送: ff fc ea 03 ee 02 02 da
收到: yaw=-7.69 deg, pitch=10.02 deg, distance=750.00 mm, state=TRACKING, checksum=OK
发送: 6e fc 2f 03 da 00 02 78
收到: yaw=-9.14 deg, pitch=8.15 deg, distance=218.00 mm, state=TRACKING, checksum=OK
发送: 37 01 04 04 b9 02 02 fd
收到: yaw=3.11 deg, pitch=10.28 deg, distance=697.00 mm, state=TRACKING, checksum=OK
发送: 96 01 ca 03 8c 02 02 f4
收到: yaw=4.06 deg, pitch=9.70 deg, distance=652.00 mm, state=TRACKING, checksum=OK
发送: 72 fd 4f 03 80 03 02 46
收到: yaw=-6.54 deg, pitch=8.47 deg, distance=896.00 mm, state=TRACKING, checksum=OK
发送: 00 00 00 00 00 00 00 00
收到: yaw=0.00 deg, pitch=0.00 deg, distance=0.00 mm, state=NO_TARGET, checksum=OK
发送: 56 fd 57 03 5e 03 02 10
收到: yaw=-6.82 deg, pitch=8.55 deg, distance=862.00 mm, state=TRACKING, checksum=OK
发送: 5f fd 3e 03 6d 03 02 0f
收到: yaw=-6.73 deg, pitch=8.30 deg, distance=877.00 mm, state=TRACKING, checksum=OK
发送: 87 01 87 03 c2 02 02 d8
收到: yaw=3.91 deg, pitch=9.03 deg, distance=706.00 mm, state=TRACKING, checksum=OK
发送: f3 fc 50 02 c3 00 02 06
收到: yaw=-7.81 deg, pitch=5.92 deg, distance=195.00 mm, state=TRACKING, checksum=OK
发送: a8 01 a4 02 db 02 02 2e
收到: yaw=4.24 deg, pitch=6.76 deg, distance=731.00 mm, state=TRACKING, checksum=OK
发送: 6c fd 8e 01 50 03 02 4d
收到: yaw=-6.60 deg, pitch=3.98 deg, distance=848.00 mm, state=TRACKING, checksum=OK
发送: 38 fd eb 00 4a 03 02 6f
收到: yaw=-7.12 deg, pitch=2.35 deg, distance=842.00 mm, state=TRACKING, checksum=OK
发送: 1f fd 11 00 45 03 02 77
收到: yaw=-7.37 deg, pitch=0.17 deg, distance=837.00 mm, state=TRACKING, checksum=OK
发送: 56 fd 44 ff 13 03 02 ae
收到: yaw=-6.82 deg, pitch=-1.88 deg, distance=787.00 mm, state=TRACKING, checksum=OK
发送: 59 fd 47 fe cc 02 02 6b
收到: yaw=-6.79 deg, pitch=-4.41 deg, distance=716.00 mm, state=TRACKING, checksum=OK
发送: 5f fd ba fc 71 02 02 87
收到: yaw=-6.73 deg, pitch=-8.38 deg, distance=625.00 mm, state=TRACKING, checksum=OK
发送: da fd 71 fb 90 02 02 d7
收到: yaw=-5.50 deg, pitch=-11.67 deg, distance=656.00 mm, state=TRACKING, checksum=OK
发送: d3 fe 4d fa 85 03 02 a2
收到: yaw=-3.01 deg, pitch=-14.59 deg, distance=901.00 mm, state=TRACKING, checksum=OK
发送: 00 00 00 00 00 00 03 03
收到: yaw=0.00 deg, pitch=0.00 deg, distance=0.00 mm, state=LOST, checksum=OK
发送: 00 00 00 00 00 00 03 03
收到: yaw=0.00 deg, pitch=0.00 deg, distance=0.00 mm, state=LOST, checksum=OK
发送: 00 00 00 00 00 00 03 03
收到: yaw=0.00 deg, pitch=0.00 deg, distance=0.00 mm, state=LOST, checksum=OK
发送: 00 00 00 00 00 00 03 03
收到: yaw=0.00 deg, pitch=0.00 deg, distance=0.00 mm, state=LOST, checksum=OK
发送: 00 00 00 00 00 00 03 03
收到: yaw=0.00 deg, pitch=0.00 deg, distance=0.00 mm, state=LOST, checksum=OK
发送: 00 00 00 00 00 00 03 03
收到: yaw=0.00 deg, pitch=0.00 deg, distance=0.00 mm, state=LOST, checksum=OK
发送: 00 00 00 00 00 00 03 03
收到: yaw=0.00 deg, pitch=0.00 deg, distance=0.00 mm, state=LOST, checksum=OK
发送: 00 00 00 00 00 00 03 03
收到: yaw=0.00 deg, pitch=0.00 deg, distance=0.00 mm, state=LOST, checksum=OK
发送: 00 00 00 00 00 00 03 03
收到: yaw=0.00 deg, pitch=0.00 deg, distance=0.00 mm, state=LOST, checksum=OK
发送: 00 00 00 00 00 00 03 03
收到: yaw=0.00 deg, pitch=0.00 deg, distance=0.00 mm, state=LOST, checksum=OK
发送: 00 00 00 00 00 00 03 03
收到: yaw=0.00 deg, pitch=0.00 deg, distance=0.00 mm, state=LOST, checksum=OK
发送: 00 00 00 00 00 00 03 03
收到: yaw=0.00 deg, pitch=0.00 deg, distance=0.00 mm, state=LOST, checksum=OK
发送: 00 00 00 00 00 00 03 03
收到: yaw=0.00 deg, pitch=0.00 deg, distance=0.00 mm, state=LOST, checksum=OK
发送: 00 00 00 00 00 00 03 03
收到: yaw=0.00 deg, pitch=0.00 deg, distance=0.00 mm, state=LOST, checksum=OK
发送: d8 fd 6b fa 90 02 02 ce
收到: yaw=-5.52 deg, pitch=-14.29 deg, distance=656.00 mm, state=TRACKING, checksum=OK
发送: 3e fe 0e fb 3b 02 02 84
收到: yaw=-4.50 deg, pitch=-12.66 deg, distance=571.00 mm, state=TRACKING, checksum=OK
发送: 70 fe 7e fb ef 01 02 d9
收到: yaw=-4.00 deg, pitch=-11.54 deg, distance=495.00 mm, state=TRACKING, checksum=OK
发送: b2 fe 4e fc c4 01 02 c1
收到: yaw=-3.34 deg, pitch=-9.46 deg, distance=452.00 mm, state=TRACKING, checksum=OK
发送: d1 fe a3 fc cb 01 02 3c
收到: yaw=-3.03 deg, pitch=-8.61 deg, distance=459.00 mm, state=TRACKING, checksum=OK
发送: fc fe c0 fc cb 01 02 84
收到: yaw=-2.60 deg, pitch=-8.32 deg, distance=459.00 mm, state=TRACKING, checksum=OK
发送: 08 ff 0a fd d2 01 02 e3
收到: yaw=-2.48 deg, pitch=-7.58 deg, distance=466.00 mm, state=TRACKING, checksum=OK
发送: 21 ff 53 fd d7 01 02 4a
收到: yaw=-2.23 deg, pitch=-6.85 deg, distance=471.00 mm, state=TRACKING, checksum=OK
发送: 3d ff 69 fd d8 01 02 7d
收到: yaw=-1.95 deg, pitch=-6.63 deg, distance=472.00 mm, state=TRACKING, checksum=OK
发送: 83 ff 8e fd dc 01 02 ec
收到: yaw=-1.25 deg, pitch=-6.26 deg, distance=476.00 mm, state=TRACKING, checksum=OK
发送: 93 ff c7 fd cf 01 02 28
收到: yaw=-1.09 deg, pitch=-5.69 deg, distance=463.00 mm, state=TRACKING, checksum=OK
发送: dd ff 22 fe e1 01 02 e0
收到: yaw=-0.35 deg, pitch=-4.78 deg, distance=481.00 mm, state=TRACKING, checksum=OK
发送: 3b 00 56 fe de 01 02 70
收到: yaw=0.59 deg, pitch=-4.26 deg, distance=478.00 mm, state=TRACKING, checksum=OK
发送: a1 00 8e fe e7 01 02 17
收到: yaw=1.61 deg, pitch=-3.70 deg, distance=487.00 mm, state=TRACKING, checksum=OK
发送: ea 00 00 ff e3 01 02 cf
收到: yaw=2.34 deg, pitch=-2.56 deg, distance=483.00 mm, state=TRACKING, checksum=OK
发送: 31 01 74 ff f1 01 02 99
收到: yaw=3.05 deg, pitch=-1.40 deg, distance=497.00 mm, state=TRACKING, checksum=OK
发送: 53 01 db ff 7d 02 02 af
收到: yaw=3.39 deg, pitch=-0.37 deg, distance=637.00 mm, state=TRACKING, checksum=OK
发送: 87 01 88 ff 3a 02 02 4d
收到: yaw=3.91 deg, pitch=-1.20 deg, distance=570.00 mm, state=TRACKING, checksum=OK
发送: 96 01 06 ff 32 02 02 d2
收到: yaw=4.06 deg, pitch=-2.50 deg, distance=562.00 mm, state=TRACKING, checksum=OK
发送: 4d 01 98 fe 03 02 02 eb
收到: yaw=3.33 deg, pitch=-3.60 deg, distance=515.00 mm, state=TRACKING, checksum=OK
发送: 00 00 00 00 00 00 00 00
收到: yaw=0.00 deg, pitch=0.00 deg, distance=0.00 mm, state=NO_TARGET, checksum=OK
发送: 05 01 ed fd f8 01 02 eb
收到: yaw=2.61 deg, pitch=-5.31 deg, distance=504.00 mm, state=TRACKING, checksum=OK
发送: 71 00 33 fe e5 01 02 8a
收到: yaw=1.13 deg, pitch=-4.61 deg, distance=485.00 mm, state=TRACKING, checksum=OK
发送: ae 00 58 fd 2b 02 02 32
收到: yaw=1.74 deg, pitch=-6.80 deg, distance=555.00 mm, state=TRACKING, checksum=OK
发送: 6f 00 e4 fc 19 02 02 6c
收到: yaw=1.11 deg, pitch=-7.96 deg, distance=537.00 mm, state=TRACKING, checksum=OK
发送: 63 00 1b fd 18 02 02 97
收到: yaw=0.99 deg, pitch=-7.41 deg, distance=536.00 mm, state=TRACKING, checksum=OK
发送: 6f 00 8a fd 18 02 02 12
收到: yaw=1.11 deg, pitch=-6.30 deg, distance=536.00 mm, state=TRACKING, checksum=OK
发送: 00 00 00 00 00 00 00 00
收到: yaw=0.00 deg, pitch=0.00 deg, distance=0.00 mm, state=NO_TARGET, checksum=OK
发送: 54 00 3f fe 79 02 02 0e
收到: yaw=0.84 deg, pitch=-4.49 deg, distance=633.00 mm, state=TRACKING, checksum=OK
发送: 6d 00 4b fe 19 02 02 d3
收到: yaw=1.09 deg, pitch=-4.37 deg, distance=537.00 mm, state=TRACKING, checksum=OK
发送: bb 00 a2 fd 50 02 02 ae
收到: yaw=1.87 deg, pitch=-6.06 deg, distance=592.00 mm, state=TRACKING, checksum=OK
发送: 86 00 a9 fd 62 02 02 92
收到: yaw=1.34 deg, pitch=-5.99 deg, distance=610.00 mm, state=TRACKING, checksum=OK
发送: e4 ff 32 fe 19 02 02 30
收到: yaw=-0.28 deg, pitch=-4.62 deg, distance=537.00 mm, state=TRACKING, checksum=OK
发送: b2 ff f7 fd 0c 02 02 b5
收到: yaw=-0.78 deg, pitch=-5.21 deg, distance=524.00 mm, state=TRACKING, checksum=OK
发送: dd ff 0c fd 4b 02 02 34
收到: yaw=-0.35 deg, pitch=-7.56 deg, distance=587.00 mm, state=TRACKING, checksum=OK
发送: ad ff f3 fc 76 02 02 15
收到: yaw=-0.83 deg, pitch=-7.81 deg, distance=630.00 mm, state=TRACKING, checksum=OK
发送: 08 01 8f fd 45 00 02 dc
收到: yaw=2.64 deg, pitch=-6.25 deg, distance=69.00 mm, state=TRACKING, checksum=OK
发送: e7 ff 44 fd c1 00 02 ea
收到: yaw=-0.25 deg, pitch=-7.00 deg, distance=193.00 mm, state=TRACKING, checksum=OK
发送: 57 ff 9c fc 96 02 02 88
收到: yaw=-1.69 deg, pitch=-8.68 deg, distance=662.00 mm, state=TRACKING, checksum=OK
发送: cf ff 26 fd fd 00 02 f0
收到: yaw=-0.49 deg, pitch=-7.30 deg, distance=253.00 mm, state=TRACKING, checksum=OK
发送: f9 ff 79 fd d2 00 02 42
收到: yaw=-0.07 deg, pitch=-6.47 deg, distance=210.00 mm, state=TRACKING, checksum=OK
发送: e1 ff 94 fd ef 00 02 62
收到: yaw=-0.31 deg, pitch=-6.20 deg, distance=239.00 mm, state=TRACKING, checksum=OK
发送: 86 ff 4f fd cb 02 02 a0
收到: yaw=-1.22 deg, pitch=-6.89 deg, distance=715.00 mm, state=TRACKING, checksum=OK
发送: a2 ff 2d fe dc 00 02 aa
收到: yaw=-0.94 deg, pitch=-4.67 deg, distance=220.00 mm, state=TRACKING, checksum=OK
发送: ae ff c8 fe cd 00 02 42
收到: yaw=-0.82 deg, pitch=-3.12 deg, distance=205.00 mm, state=TRACKING, checksum=OK
发送: db ff 3e ff e1 00 02 fa
收到: yaw=-0.37 deg, pitch=-1.94 deg, distance=225.00 mm, state=TRACKING, checksum=OK
发送: 32 00 65 ff f7 00 02 8f
收到: yaw=0.50 deg, pitch=-1.55 deg, distance=247.00 mm, state=TRACKING, checksum=OK
发送: 62 00 b0 ff 42 01 02 56
收到: yaw=0.98 deg, pitch=-0.80 deg, distance=322.00 mm, state=TRACKING, checksum=OK
发送: 00 00 00 00 00 00 03 03
收到: yaw=0.00 deg, pitch=0.00 deg, distance=0.00 mm, state=LOST, checksum=OK
发送: c5 01 a6 00 59 06 02 cd
收到: yaw=4.53 deg, pitch=1.66 deg, distance=1625.00 mm, state=TRACKING, checksum=OK
发送: 00 00 00 00 00 00 03 03
收到: yaw=0.00 deg, pitch=0.00 deg, distance=0.00 mm, state=LOST, checksum=OK
发送: 11 01 13 01 63 01 02 8c
收到: yaw=2.73 deg, pitch=2.75 deg, distance=355.00 mm, state=TRACKING, checksum=OK
发送: ed 00 25 01 6d 01 02 83
收到: yaw=2.37 deg, pitch=2.93 deg, distance=365.00 mm, state=TRACKING, checksum=OK
发送: 65 00 03 01 a6 03 02 14
收到: yaw=1.01 deg, pitch=2.59 deg, distance=934.00 mm, state=TRACKING, checksum=OK
发送: 5e 00 19 01 f0 01 02 6b
收到: yaw=0.94 deg, pitch=2.81 deg, distance=496.00 mm, state=TRACKING, checksum=OK
发送: 00 00 00 00 00 00 03 03
收到: yaw=0.00 deg, pitch=0.00 deg, distance=0.00 mm, state=LOST, checksum=OK
发送: b9 ff e4 00 0b 02 02 ab
收到: yaw=-0.71 deg, pitch=2.28 deg, distance=523.00 mm, state=TRACKING, checksum=OK
发送: ad ff cc 00 25 01 02 a0
收到: yaw=-0.83 deg, pitch=2.04 deg, distance=293.00 mm, state=TRACKING, checksum=OK
发送: 11 ff d4 00 4e 03 02 37
收到: yaw=-2.39 deg, pitch=2.12 deg, distance=846.00 mm, state=TRACKING, checksum=OK
发送: 00 00 00 00 00 00 03 03
收到: yaw=0.00 deg, pitch=0.00 deg, distance=0.00 mm, state=LOST, checksum=OK
发送: 99 fe 5c 01 ae 01 02 a5
收到: yaw=-3.59 deg, pitch=3.48 deg, distance=430.00 mm, state=TRACKING, checksum=OK
发送: 95 fe 3d 01 4a 01 02 1e
收到: yaw=-3.63 deg, pitch=3.17 deg, distance=330.00 mm, state=TRACKING, checksum=OK
发送: 5c fe 72 01 bd 01 02 8d
收到: yaw=-4.20 deg, pitch=3.70 deg, distance=445.00 mm, state=TRACKING, checksum=OK
发送: 61 fe 4e 01 60 03 02 13
收到: yaw=-4.15 deg, pitch=3.34 deg, distance=864.00 mm, state=TRACKING, checksum=OK
发送: 6d fe bf 01 26 03 02 56
收到: yaw=-4.03 deg, pitch=4.47 deg, distance=806.00 mm, state=TRACKING, checksum=OK
发送: 9e fe 1f 02 3c 03 02 fe
收到: yaw=-3.54 deg, pitch=5.43 deg, distance=828.00 mm, state=TRACKING, checksum=OK
发送: a8 fe ff 01 3a 03 02 e5
收到: yaw=-3.44 deg, pitch=5.11 deg, distance=826.00 mm, state=TRACKING, checksum=OK
发送: bc fe fb 01 10 03 02 cb
收到: yaw=-3.24 deg, pitch=5.07 deg, distance=784.00 mm, state=TRACKING, checksum=OK
发送: e6 fe a9 01 38 03 02 cb
收到: yaw=-2.82 deg, pitch=4.25 deg, distance=824.00 mm, state=TRACKING, checksum=OK
发送: 43 ff bb 01 27 03 02 2a
收到: yaw=-1.89 deg, pitch=4.43 deg, distance=807.00 mm, state=TRACKING, checksum=OK
发送: 58 ff 06 02 c6 03 02 2a
收到: yaw=-1.68 deg, pitch=5.18 deg, distance=966.00 mm, state=TRACKING, checksum=OK
发送: 1d 00 50 02 40 01 02 b2
收到: yaw=0.29 deg, pitch=5.92 deg, distance=320.00 mm, state=TRACKING, checksum=OK
发送: 66 00 15 02 90 01 02 10
收到: yaw=1.02 deg, pitch=5.33 deg, distance=400.00 mm, state=TRACKING, checksum=OK
发送: b7 00 58 01 40 01 02 53
收到: yaw=1.83 deg, pitch=3.44 deg, distance=320.00 mm, state=TRACKING, checksum=OK
发送: cf 00 72 01 89 01 02 ce
收到: yaw=2.07 deg, pitch=3.70 deg, distance=393.00 mm, state=TRACKING, checksum=OK
发送: 5b 01 8e 00 71 01 02 5e
收到: yaw=3.47 deg, pitch=1.42 deg, distance=369.00 mm, state=TRACKING, checksum=OK
发送: a8 01 42 00 67 01 02 55
收到: yaw=4.24 deg, pitch=0.66 deg, distance=359.00 mm, state=TRACKING, checksum=OK
发送: 00 00 00 00 00 00 03 03
收到: yaw=0.00 deg, pitch=0.00 deg, distance=0.00 mm, state=LOST, checksum=OK
发送: f5 01 9f ff 8b 01 02 22
收到: yaw=5.01 deg, pitch=-0.97 deg, distance=395.00 mm, state=TRACKING, checksum=OK
发送: a1 02 53 ff ca 00 02 c1
收到: yaw=6.73 deg, pitch=-1.73 deg, distance=202.00 mm, state=TRACKING, checksum=OK
发送: 00 00 00 00 00 00 03 03
收到: yaw=0.00 deg, pitch=0.00 deg, distance=0.00 mm, state=LOST, checksum=OK
发送: 76 02 da fe c8 00 02 1a
收到: yaw=6.30 deg, pitch=-2.94 deg, distance=200.00 mm, state=TRACKING, checksum=OK
发送: e1 02 e2 fe c0 00 02 85
收到: yaw=7.37 deg, pitch=-2.86 deg, distance=192.00 mm, state=TRACKING, checksum=OK
发送: 3f 03 92 fe 11 01 02 e6
收到: yaw=8.31 deg, pitch=-3.66 deg, distance=273.00 mm, state=TRACKING, checksum=OK
发送: 50 04 d8 fe 64 00 02 90
收到: yaw=11.04 deg, pitch=-2.96 deg, distance=100.00 mm, state=TRACKING, checksum=OK
发送: 00 00 00 00 00 00 03 03
收到: yaw=0.00 deg, pitch=0.00 deg, distance=0.00 mm, state=LOST, checksum=OK
发送: 00 00 00 00 00 00 03 03
收到: yaw=0.00 deg, pitch=0.00 deg, distance=0.00 mm, state=LOST, checksum=OK
发送: 00 00 00 00 00 00 03 03
收到: yaw=0.00 deg, pitch=0.00 deg, distance=0.00 mm, state=LOST, checksum=OK
发送: 56 04 2d fe b7 00 02 3e
收到: yaw=11.10 deg, pitch=-4.67 deg, distance=183.00 mm, state=TRACKING, checksum=OK
发送: 00 00 00 00 00 00 03 03
收到: yaw=0.00 deg, pitch=0.00 deg, distance=0.00 mm, state=LOST, checksum=OK
发送: 00 00 00 00 00 00 03 03
收到: yaw=0.00 deg, pitch=0.00 deg, distance=0.00 mm, state=LOST, checksum=OK
发送: 00 00 00 00 00 00 03 03
收到: yaw=0.00 deg, pitch=0.00 deg, distance=0.00 mm, state=LOST, checksum=OK
发送: 00 00 00 00 00 00 03 03
收到: yaw=0.00 deg, pitch=0.00 deg, distance=0.00 mm, state=LOST, checksum=OK
发送: 00 00 00 00 00 00 03 03
收到: yaw=0.00 deg, pitch=0.00 deg, distance=0.00 mm, state=LOST, checksum=OK
发送: 00 00 00 00 00 00 03 03
收到: yaw=0.00 deg, pitch=0.00 deg, distance=0.00 mm, state=LOST, checksum=OK
发送: 00 00 00 00 00 00 03 03
收到: yaw=0.00 deg, pitch=0.00 deg, distance=0.00 mm, state=LOST, checksum=OK
发送: 00 00 00 00 00 00 03 03
收到: yaw=0.00 deg, pitch=0.00 deg, distance=0.00 mm, state=LOST, checksum=OK
发送: 00 00 00 00 00 00 03 03
收到: yaw=0.00 deg, pitch=0.00 deg, distance=0.00 mm, state=LOST, checksum=OK
发送: 00 00 00 00 00 00 03 03
收到: yaw=0.00 deg, pitch=0.00 deg, distance=0.00 mm, state=LOST, checksum=OK
发送: 00 00 00 00 00 00 03 03
收到: yaw=0.00 deg, pitch=0.00 deg, distance=0.00 mm, state=LOST, checksum=OK
发送: 00 00 00 00 00 00 03 03
收到: yaw=0.00 deg, pitch=0.00 deg, distance=0.00 mm, state=LOST, checksum=OK
发送: 00 00 00 00 00 00 03 03
收到: yaw=0.00 deg, pitch=0.00 deg, distance=0.00 mm, state=LOST, checksum=OK
发送: 00 00 00 00 00 00 03 03
收到: yaw=0.00 deg, pitch=0.00 deg, distance=0.00 mm, state=LOST, checksum=OK
发送: 00 00 00 00 00 00 03 03
收到: yaw=0.00 deg, pitch=0.00 deg, distance=0.00 mm, state=LOST, checksum=OK
发送: 00 00 00 00 00 00 03 03
收到: yaw=0.00 deg, pitch=0.00 deg, distance=0.00 mm, state=LOST, checksum=OK
发送: 00 00 00 00 00 00 03 03
收到: yaw=0.00 deg, pitch=0.00 deg, distance=0.00 mm, state=LOST, checksum=OK
发送: 00 00 00 00 00 00 03 03
收到: yaw=0.00 deg, pitch=0.00 deg, distance=0.00 mm, state=LOST, checksum=OK
发送: 00 00 00 00 00 00 03 03
收到: yaw=0.00 deg, pitch=0.00 deg, distance=0.00 mm, state=LOST, checksum=OK
发送: 00 00 00 00 00 00 00 00
收到: yaw=0.00 deg, pitch=0.00 deg, distance=0.00 mm, state=NO_TARGET, checksum=OK
发送: 00 00 00 00 00 00 00 00
收到: yaw=0.00 deg, pitch=0.00 deg, distance=0.00 mm, state=NO_TARGET, checksum=OK
发送: 00 00 00 00 00 00 00 00
收到: yaw=0.00 deg, pitch=0.00 deg, distance=0.00 mm, state=NO_TARGET, checksum=OK
发送: 00 00 00 00 00 00 00 00
收到: yaw=0.00 deg, pitch=0.00 deg, distance=0.00 mm, state=NO_TARGET, checksum=OK
发送: 00 00 00 00 00 00 00 00
收到: yaw=0.00 deg, pitch=0.00 deg, distance=0.00 mm, state=NO_TARGET, checksum=OK
发送: 00 00 00 00 00 00 00 00
收到: yaw=0.00 deg, pitch=0.00 deg, distance=0.00 mm, state=NO_TARGET, checksum=OK
发送: 00 00 00 00 00 00 00 00
收到: yaw=0.00 deg, pitch=0.00 deg, distance=0.00 mm, state=NO_TARGET, checksum=OK
发送: 00 00 00 00 00 00 00 00
收到: yaw=0.00 deg, pitch=0.00 deg, distance=0.00 mm, state=NO_TARGET, checksum=OK
发送: 00 00 00 00 00 00 00 00
收到: yaw=0.00 deg, pitch=0.00 deg, distance=0.00 mm, state=NO_TARGET, checksum=OK
发送: 00 00 00 00 00 00 00 00
收到: yaw=0.00 deg, pitch=0.00 deg, distance=0.00 mm, state=NO_TARGET, checksum=OK
发送: 00 00 00 00 00 00 00 00
收到: yaw=0.00 deg, pitch=0.00 deg, distance=0.00 mm, state=NO_TARGET, checksum=OK
发送: 00 00 00 00 00 00 00 00
收到: yaw=0.00 deg, pitch=0.00 deg, distance=0.00 mm, state=NO_TARGET, checksum=OK
发送: 00 00 00 00 00 00 00 00
收到: yaw=0.00 deg, pitch=0.00 deg, distance=0.00 mm, state=NO_TARGET, checksum=OK
发送: 00 00 00 00 00 00 00 00
收到: yaw=0.00 deg, pitch=0.00 deg, distance=0.00 mm, state=NO_TARGET, checksum=OK
发送: 00 00 00 00 00 00 00 00
收到: yaw=0.00 deg, pitch=0.00 deg, distance=0.00 mm, state=NO_TARGET, checksum=OK
发送: 00 00 00 00 00 00 00 00
收到: yaw=0.00 deg, pitch=0.00 deg, distance=0.00 mm, state=NO_TARGET, checksum=OK
发送: 00 00 00 00 00 00 00 00
收到: yaw=0.00 deg, pitch=0.00 deg, distance=0.00 mm, state=NO_TARGET, checksum=OK
发送: 00 00 00 00 00 00 00 00
收到: yaw=0.00 deg, pitch=0.00 deg, distance=0.00 mm, state=NO_TARGET, checksum=OK
发送: 00 00 00 00 00 00 00 00
收到: yaw=0.00 deg, pitch=0.00 deg, distance=0.00 mm, state=NO_TARGET, checksum=OK
发送: 00 00 00 00 00 00 00 00
收到: yaw=0.00 deg, pitch=0.00 deg, distance=0.00 mm, state=NO_TARGET, checksum=OK
发送: 00 00 00 00 00 00 00 00
收到: yaw=0.00 deg, pitch=0.00 deg, distance=0.00 mm, state=NO_TARGET, checksum=OK
发送: 00 00 00 00 00 00 00 00
收到: yaw=0.00 deg, pitch=0.00 deg, distance=0.00 mm, state=NO_TARGET, checksum=OK
发送: 00 00 00 00 00 00 00 00
收到: yaw=0.00 deg, pitch=0.00 deg, distance=0.00 mm, state=NO_TARGET, checksum=OK
发送: 00 00 00 00 00 00 00 00
收到: yaw=0.00 deg, pitch=0.00 deg, distance=0.00 mm, state=NO_TARGET, checksum=OK
发送: 00 00 00 00 00 00 00 00
收到: yaw=0.00 deg, pitch=0.00 deg, distance=0.00 mm, state=NO_TARGET, checksum=OK
发送: 00 00 00 00 00 00 00 00
收到: yaw=0.00 deg, pitch=0.00 deg, distance=0.00 mm, state=NO_TARGET, checksum=OK
发送: 00 00 00 00 00 00 00 00
收到: yaw=0.00 deg, pitch=0.00 deg, distance=0.00 mm, state=NO_TARGET, checksum=OK
发送: 00 00 00 00 00 00 00 00
收到: yaw=0.00 deg, pitch=0.00 deg, distance=0.00 mm, state=NO_TARGET, checksum=OK
发送: 00 00 00 00 00 00 00 00
收到: yaw=0.00 deg, pitch=0.00 deg, distance=0.00 mm, state=NO_TARGET, checksum=OK
发送: 00 00 00 00 00 00 00 00
收到: yaw=0.00 deg, pitch=0.00 deg, distance=0.00 mm, state=NO_TARGET, checksum=OK
发送: 00 00 00 00 00 00 00 00
收到: yaw=0.00 deg, pitch=0.00 deg, distance=0.00 mm, state=NO_TARGET, checksum=OK
发送: 00 00 00 00 00 00 00 00
收到: yaw=0.00 deg, pitch=0.00 deg, distance=0.00 mm, state=NO_TARGET, checksum=OK
发送: 00 00 00 00 00 00 00 00
收到: yaw=0.00 deg, pitch=0.00 deg, distance=0.00 mm, state=NO_TARGET, checksum=OK
发送: 00 00 00 00 00 00 00 00
收到: yaw=0.00 deg, pitch=0.00 deg, distance=0.00 mm, state=NO_TARGET, checksum=OK
发送: 00 00 00 00 00 00 00 00
收到: yaw=0.00 deg, pitch=0.00 deg, distance=0.00 mm, state=NO_TARGET, checksum=OK
发送: b9 04 e2 00 7e 00 02 1f
收到: yaw=12.09 deg, pitch=2.26 deg, distance=126.00 mm, state=TRACKING, checksum=OK
发送: 00 00 00 00 00 00 03 03
收到: yaw=0.00 deg, pitch=0.00 deg, distance=0.00 mm, state=LOST, checksum=OK
发送: 00 00 00 00 00 00 00 00
收到: yaw=0.00 deg, pitch=0.00 deg, distance=0.00 mm, state=NO_TARGET, checksum=OK
发送: 73 05 06 02 60 00 02 e2
收到: yaw=13.95 deg, pitch=5.18 deg, distance=96.00 mm, state=TRACKING, checksum=OK
发送: 69 05 1b 02 65 00 02 f2
收到: yaw=13.85 deg, pitch=5.39 deg, distance=101.00 mm, state=TRACKING, checksum=OK
发送: 39 05 1e 02 94 00 02 f4
收到: yaw=13.37 deg, pitch=5.42 deg, distance=148.00 mm, state=TRACKING, checksum=OK
发送: d2 05 7c 02 4d 00 02 a4
收到: yaw=14.90 deg, pitch=6.36 deg, distance=77.00 mm, state=TRACKING, checksum=OK
发送: 17 05 32 02 ce 00 02 20
收到: yaw=13.03 deg, pitch=5.62 deg, distance=206.00 mm, state=TRACKING, checksum=OK
发送: d6 04 ea 01 eb 02 02 b4
收到: yaw=12.38 deg, pitch=4.90 deg, distance=747.00 mm, state=TRACKING, checksum=OK
发送: 00 05 f4 01 da 02 02 d8
收到: yaw=12.80 deg, pitch=5.00 deg, distance=730.00 mm, state=TRACKING, checksum=OK
发送: 0d 05 bc 01 b6 02 02 89
收到: yaw=12.93 deg, pitch=4.44 deg, distance=694.00 mm, state=TRACKING, checksum=OK
发送: d9 04 4c 01 b6 02 02 e4
收到: yaw=12.41 deg, pitch=3.32 deg, distance=694.00 mm, state=TRACKING, checksum=OK
发送: 62 04 b6 00 ec 02 02 0c
收到: yaw=11.22 deg, pitch=1.82 deg, distance=748.00 mm, state=TRACKING, checksum=OK
发送: e4 03 0c 00 ca 02 02 c1
收到: yaw=9.96 deg, pitch=0.12 deg, distance=714.00 mm, state=TRACKING, checksum=OK
发送: 5f 03 48 ff cd 02 02 7a
收到: yaw=8.63 deg, pitch=-1.84 deg, distance=717.00 mm, state=TRACKING, checksum=OK
发送: d9 02 89 fe d1 02 02 37
收到: yaw=7.29 deg, pitch=-3.75 deg, distance=721.00 mm, state=TRACKING, checksum=OK
发送: 37 02 fd fd d8 02 02 0f
收到: yaw=5.67 deg, pitch=-5.15 deg, distance=728.00 mm, state=TRACKING, checksum=OK
发送: 98 01 3d fd 8f 02 02 66
收到: yaw=4.08 deg, pitch=-7.07 deg, distance=655.00 mm, state=TRACKING, checksum=OK
发送: 2b 01 c0 fc 72 02 02 5e
收到: yaw=2.99 deg, pitch=-8.32 deg, distance=626.00 mm, state=TRACKING, checksum=OK
发送: 9b 00 ae fc 87 02 02 d0
收到: yaw=1.55 deg, pitch=-8.50 deg, distance=647.00 mm, state=TRACKING, checksum=OK
发送: 79 00 b2 fc 8d 02 02 b8
收到: yaw=1.21 deg, pitch=-8.46 deg, distance=653.00 mm, state=TRACKING, checksum=OK
发送: 12 00 96 fc 79 02 02 21
收到: yaw=0.18 deg, pitch=-8.74 deg, distance=633.00 mm, state=TRACKING, checksum=OK
发送: f2 ff b2 fc 89 02 02 2c
收到: yaw=-0.14 deg, pitch=-8.46 deg, distance=649.00 mm, state=TRACKING, checksum=OK
发送: 16 00 bd fc 8f 02 02 62
收到: yaw=0.22 deg, pitch=-8.35 deg, distance=655.00 mm, state=TRACKING, checksum=OK
发送: 15 00 b3 fc 90 02 02 58
收到: yaw=0.21 deg, pitch=-8.45 deg, distance=656.00 mm, state=TRACKING, checksum=OK
发送: 23 00 d5 fc 9e 02 02 96
收到: yaw=0.35 deg, pitch=-8.11 deg, distance=670.00 mm, state=TRACKING, checksum=OK
发送: 34 00 d3 fc a5 02 02 ac
收到: yaw=0.52 deg, pitch=-8.13 deg, distance=677.00 mm, state=TRACKING, checksum=OK
发送: 56 00 c3 fc ad 02 02 c6
收到: yaw=0.86 deg, pitch=-8.29 deg, distance=685.00 mm, state=TRACKING, checksum=OK
发送: 47 00 b6 fc 98 02 02 95
收到: yaw=0.71 deg, pitch=-8.42 deg, distance=664.00 mm, state=TRACKING, checksum=OK
发送: 37 00 d1 fc a4 02 02 ac
收到: yaw=0.55 deg, pitch=-8.15 deg, distance=676.00 mm, state=TRACKING, checksum=OK
发送: c9 ff 75 fd 73 01 02 b0
收到: yaw=-0.55 deg, pitch=-6.51 deg, distance=371.00 mm, state=TRACKING, checksum=OK
发送: 17 00 c3 fc 9e 02 02 78
收到: yaw=0.23 deg, pitch=-8.29 deg, distance=670.00 mm, state=TRACKING, checksum=OK
发送: 1e 00 7f fc 9e 02 02 3b
收到: yaw=0.30 deg, pitch=-8.97 deg, distance=670.00 mm, state=TRACKING, checksum=OK
发送: 3a 00 4a fc a6 02 02 2a
收到: yaw=0.58 deg, pitch=-9.50 deg, distance=678.00 mm, state=TRACKING, checksum=OK
发送: 3c 00 24 fc a3 02 02 03
收到: yaw=0.60 deg, pitch=-9.88 deg, distance=675.00 mm, state=TRACKING, checksum=OK
发送: e5 ff 1e fc a4 02 02 a6
收到: yaw=-0.27 deg, pitch=-9.94 deg, distance=676.00 mm, state=TRACKING, checksum=OK
发送: 6b ff 2e fc 93 02 02 2b
收到: yaw=-1.49 deg, pitch=-9.78 deg, distance=659.00 mm, state=TRACKING, checksum=OK
发送: e2 fe 8b fc 7f 02 02 ea
收到: yaw=-2.86 deg, pitch=-8.85 deg, distance=639.00 mm, state=TRACKING, checksum=OK
发送: b7 fe ce fc 7f 02 02 02
收到: yaw=-3.29 deg, pitch=-8.18 deg, distance=639.00 mm, state=TRACKING, checksum=OK
发送: cd fe ce fc 86 02 02 1f
收到: yaw=-3.07 deg, pitch=-8.18 deg, distance=646.00 mm, state=TRACKING, checksum=OK
发送: fa fe de fc 94 02 02 6a
收到: yaw=-2.62 deg, pitch=-8.02 deg, distance=660.00 mm, state=TRACKING, checksum=OK
发送: 3b ff cc fc 90 02 02 96
收到: yaw=-1.97 deg, pitch=-8.20 deg, distance=656.00 mm, state=TRACKING, checksum=OK
发送: 51 ff 69 fc 87 02 02 40
收到: yaw=-1.75 deg, pitch=-9.19 deg, distance=647.00 mm, state=TRACKING, checksum=OK
发送: 03 ff d7 fb 76 02 02 4e
收到: yaw=-2.53 deg, pitch=-10.65 deg, distance=630.00 mm, state=TRACKING, checksum=OK
发送: c7 fe 2f fb a9 02 02 9c
收到: yaw=-3.13 deg, pitch=-12.33 deg, distance=681.00 mm, state=TRACKING, checksum=OK
发送: 7d fe a8 fa c6 02 02 e7
收到: yaw=-3.87 deg, pitch=-13.68 deg, distance=710.00 mm, state=TRACKING, checksum=OK
发送: 73 fe 5f fa 47 03 02 16
收到: yaw=-3.97 deg, pitch=-14.41 deg, distance=839.00 mm, state=TRACKING, checksum=OK
发送: 66 fe 44 fa fb 02 02 a1
收到: yaw=-4.10 deg, pitch=-14.68 deg, distance=763.00 mm, state=TRACKING, checksum=OK
发送: 29 fe 4d fa 3a 03 02 ad
收到: yaw=-4.71 deg, pitch=-14.59 deg, distance=826.00 mm, state=TRACKING, checksum=OK
发送: 2d fe 9a fa c7 01 02 89
收到: yaw=-4.67 deg, pitch=-13.82 deg, distance=455.00 mm, state=TRACKING, checksum=OK
发送: d8 fd 96 fa e6 02 02 4f
收到: yaw=-5.52 deg, pitch=-13.86 deg, distance=742.00 mm, state=TRACKING, checksum=OK
发送: 09 fe c8 fa d2 02 02 9f
收到: yaw=-5.03 deg, pitch=-13.36 deg, distance=722.00 mm, state=TRACKING, checksum=OK
发送: 2c fe dc fa b0 02 02 b4
收到: yaw=-4.68 deg, pitch=-13.16 deg, distance=688.00 mm, state=TRACKING, checksum=OK
发送: 79 fe d6 fa c8 02 02 13
收到: yaw=-3.91 deg, pitch=-13.22 deg, distance=712.00 mm, state=TRACKING, checksum=OK
发送: c5 fe ae fa d2 02 02 41
收到: yaw=-3.15 deg, pitch=-13.62 deg, distance=722.00 mm, state=TRACKING, checksum=OK
发送: 22 ff 8e fa 5a 03 02 08
收到: yaw=-2.22 deg, pitch=-13.94 deg, distance=858.00 mm, state=TRACKING, checksum=OK
发送: e0 ff c7 fa a5 00 02 47
收到: yaw=-0.32 deg, pitch=-13.37 deg, distance=165.00 mm, state=TRACKING, checksum=OK
发送: 81 ff 1e fa 8b 03 02 28
收到: yaw=-1.27 deg, pitch=-15.06 deg, distance=907.00 mm, state=TRACKING, checksum=OK
发送: 6f ff 1c fa f6 03 02 7f
收到: yaw=-1.45 deg, pitch=-15.08 deg, distance=1014.00 mm, state=TRACKING, checksum=OK
发送: 4c ff 0a fa 9b 04 02 f0
收到: yaw=-1.80 deg, pitch=-15.26 deg, distance=1179.00 mm, state=TRACKING, checksum=OK
发送: 00 00 00 00 00 00 03 03
收到: yaw=0.00 deg, pitch=0.00 deg, distance=0.00 mm, state=LOST, checksum=OK
发送: 00 00 00 00 00 00 03 03
收到: yaw=0.00 deg, pitch=0.00 deg, distance=0.00 mm, state=LOST, checksum=OK
发送: 00 00 00 00 00 00 03 03
收到: yaw=0.00 deg, pitch=0.00 deg, distance=0.00 mm, state=LOST, checksum=OK
发送: 00 00 00 00 00 00 03 03
收到: yaw=0.00 deg, pitch=0.00 deg, distance=0.00 mm, state=LOST, checksum=OK
发送: 00 00 00 00 00 00 03 03
收到: yaw=0.00 deg, pitch=0.00 deg, distance=0.00 mm, state=LOST, checksum=OK
发送: 00 00 00 00 00 00 03 03
收到: yaw=0.00 deg, pitch=0.00 deg, distance=0.00 mm, state=LOST, checksum=OK
发送: 2a 00 56 fa d2 01 02 4f
收到: yaw=0.42 deg, pitch=-14.50 deg, distance=466.00 mm, state=TRACKING, checksum=OK
发送: 51 00 28 fa dd 03 02 55
收到: yaw=0.81 deg, pitch=-14.96 deg, distance=989.00 mm, state=TRACKING, checksum=OK
发送: a1 00 b4 fa 3c 01 02 8e
收到: yaw=1.61 deg, pitch=-13.56 deg, distance=316.00 mm, state=TRACKING, checksum=OK
发送: 7f 00 90 fa 71 03 02 7f
收到: yaw=1.27 deg, pitch=-13.92 deg, distance=881.00 mm, state=TRACKING, checksum=OK
发送: 81 00 9f fa 1c 03 02 3b
收到: yaw=1.29 deg, pitch=-13.77 deg, distance=796.00 mm, state=TRACKING, checksum=OK
发送: 7b 00 c1 fa 29 03 02 64
收到: yaw=1.23 deg, pitch=-13.43 deg, distance=809.00 mm, state=TRACKING, checksum=OK
发送: 70 00 e8 fa 53 03 02 aa
收到: yaw=1.12 deg, pitch=-13.04 deg, distance=851.00 mm, state=TRACKING, checksum=OK
发送: 9b 00 f7 fa 15 03 02 a6
收到: yaw=1.55 deg, pitch=-12.89 deg, distance=789.00 mm, state=TRACKING, checksum=OK
发送: 91 00 18 fb 1e 03 02 c7
收到: yaw=1.45 deg, pitch=-12.56 deg, distance=798.00 mm, state=TRACKING, checksum=OK
发送: 96 00 31 fb 1d 03 02 e4
收到: yaw=1.50 deg, pitch=-12.31 deg, distance=797.00 mm, state=TRACKING, checksum=OK
发送: 4b 01 c5 fb 91 00 02 9f
收到: yaw=3.31 deg, pitch=-10.83 deg, distance=145.00 mm, state=TRACKING, checksum=OK
发送: f7 00 23 fb 35 03 02 4f
收到: yaw=2.47 deg, pitch=-12.45 deg, distance=821.00 mm, state=TRACKING, checksum=OK
发送: 17 01 32 fb 4a 03 02 94
收到: yaw=2.79 deg, pitch=-12.30 deg, distance=842.00 mm, state=TRACKING, checksum=OK
发送: 03 01 48 fb 48 03 02 94
收到: yaw=2.59 deg, pitch=-12.08 deg, distance=840.00 mm, state=TRACKING, checksum=OK
发送: 47 01 31 fb 54 03 02 cd
收到: yaw=3.27 deg, pitch=-12.31 deg, distance=852.00 mm, state=TRACKING, checksum=OK
发送: 32 01 3f fb 37 03 02 a9
收到: yaw=3.06 deg, pitch=-12.17 deg, distance=823.00 mm, state=TRACKING, checksum=OK
发送: 71 01 1d fb 6a 03 02 f9
收到: yaw=3.69 deg, pitch=-12.51 deg, distance=874.00 mm, state=TRACKING, checksum=OK
发送: 00 00 00 00 00 00 00 00
收到: yaw=0.00 deg, pitch=0.00 deg, distance=0.00 mm, state=NO_TARGET, checksum=OK
发送: 00 00 00 00 00 00 00 00
收到: yaw=0.00 deg, pitch=0.00 deg, distance=0.00 mm, state=NO_TARGET, checksum=OK
发送: 9d 02 18 fc 51 00 02 06
收到: yaw=6.69 deg, pitch=-10.00 deg, distance=81.00 mm, state=TRACKING, checksum=OK
发送: 6d 02 13 fc 69 00 02 e9
收到: yaw=6.21 deg, pitch=-10.05 deg, distance=105.00 mm, state=TRACKING, checksum=OK
发送: 00 00 00 00 00 00 00 00
收到: yaw=0.00 deg, pitch=0.00 deg, distance=0.00 mm, state=NO_TARGET, checksum=OK
发送: 8b 01 8b fb 4b 03 02 62
收到: yaw=3.95 deg, pitch=-11.41 deg, distance=843.00 mm, state=TRACKING, checksum=OK
发送: c2 02 6f fc 4e 00 02 7f
收到: yaw=7.06 deg, pitch=-9.13 deg, distance=78.00 mm, state=TRACKING, checksum=OK
发送: b5 01 b2 fb 0d 03 02 75
收到: yaw=4.37 deg, pitch=-11.02 deg, distance=781.00 mm, state=TRACKING, checksum=OK
发送: 00 00 00 00 00 00 00 00
收到: yaw=0.00 deg, pitch=0.00 deg, distance=0.00 mm, state=NO_TARGET, checksum=OK
发送: c4 01 b4 fb 32 03 02 ab
收到: yaw=4.52 deg, pitch=-11.00 deg, distance=818.00 mm, state=TRACKING, checksum=OK
发送: 00 00 00 00 00 00 00 00
收到: yaw=0.00 deg, pitch=0.00 deg, distance=0.00 mm, state=NO_TARGET, checksum=OK
发送: 7d 01 b5 fb 3d 03 02 70
收到: yaw=3.81 deg, pitch=-10.99 deg, distance=829.00 mm, state=TRACKING, checksum=OK
发送: ab 01 90 fb 4c 03 02 88
收到: yaw=4.27 deg, pitch=-11.36 deg, distance=844.00 mm, state=TRACKING, checksum=OK
发送: 8a 01 9c fb 1f 03 02 46
收到: yaw=3.94 deg, pitch=-11.24 deg, distance=799.00 mm, state=TRACKING, checksum=OK
发送: 99 01 a0 fb 0b 03 02 45
收到: yaw=4.09 deg, pitch=-11.20 deg, distance=779.00 mm, state=TRACKING, checksum=OK
发送: d0 01 ad fb 6d 03 02 eb
收到: yaw=4.64 deg, pitch=-11.07 deg, distance=877.00 mm, state=TRACKING, checksum=OK
发送: a6 01 bb fb 1d 03 02 7f
收到: yaw=4.22 deg, pitch=-10.93 deg, distance=797.00 mm, state=TRACKING, checksum=OK
发送: 00 00 00 00 00 00 00 00
收到: yaw=0.00 deg, pitch=0.00 deg, distance=0.00 mm, state=NO_TARGET, checksum=OK
发送: 00 00 00 00 00 00 00 00
收到: yaw=0.00 deg, pitch=0.00 deg, distance=0.00 mm, state=NO_TARGET, checksum=OK
发送: c1 01 ac fb 06 03 02 74
收到: yaw=4.49 deg, pitch=-11.08 deg, distance=774.00 mm, state=TRACKING, checksum=OK
发送: 00 00 00 00 00 00 00 00
收到: yaw=0.00 deg, pitch=0.00 deg, distance=0.00 mm, state=NO_TARGET, checksum=OK
发送: d3 01 f6 fb 34 03 02 fe
收到: yaw=4.67 deg, pitch=-10.34 deg, distance=820.00 mm, state=TRACKING, checksum=OK
发送: e1 01 fd fb f9 02 02 d7
收到: yaw=4.81 deg, pitch=-10.27 deg, distance=761.00 mm, state=TRACKING, checksum=OK
发送: 00 00 00 00 00 00 00 00
收到: yaw=0.00 deg, pitch=0.00 deg, distance=0.00 mm, state=NO_TARGET, checksum=OK
发送: dd 01 20 fc 01 03 02 00
收到: yaw=4.77 deg, pitch=-9.92 deg, distance=769.00 mm, state=TRACKING, checksum=OK
发送: fb 02 02 fd 50 00 02 4e
收到: yaw=7.63 deg, pitch=-7.66 deg, distance=80.00 mm, state=TRACKING, checksum=OK
发送: 00 00 00 00 00 00 00 00
收到: yaw=0.00 deg, pitch=0.00 deg, distance=0.00 mm, state=NO_TARGET, checksum=OK
发送: f9 01 fa fb 48 03 02 3c
收到: yaw=5.05 deg, pitch=-10.30 deg, distance=840.00 mm, state=TRACKING, checksum=OK
